Archive member included to satisfy reference by file (symbol)

c:/mingw/bin/../lib/gcc/mingw32/6.3.0/../../../libmingw32.a(CRTglob.o)
                              c:/mingw/bin/../lib/gcc/mingw32/6.3.0/../../../crt2.o (_CRT_glob)
c:/mingw/bin/../lib/gcc/mingw32/6.3.0/../../../libmingw32.a(setargv.o)
                              c:/mingw/bin/../lib/gcc/mingw32/6.3.0/../../../crt2.o (_setargv)
c:/mingw/bin/../lib/gcc/mingw32/6.3.0/../../../libmingw32.a(CRTfmode.o)
                              c:/mingw/bin/../lib/gcc/mingw32/6.3.0/../../../crt2.o (_CRT_fmode)
c:/mingw/bin/../lib/gcc/mingw32/6.3.0/../../../libmingw32.a(cpu_features.o)
                              c:/mingw/bin/../lib/gcc/mingw32/6.3.0/../../../crt2.o (__cpu_features_init)
c:/mingw/bin/../lib/gcc/mingw32/6.3.0/../../../libmingw32.a(CRT_fp10.o)
                              c:/mingw/bin/../lib/gcc/mingw32/6.3.0/../../../crt2.o (_CRT_fenv)
c:/mingw/bin/../lib/gcc/mingw32/6.3.0/../../../libmingw32.a(txtmode.o)
                              c:/mingw/bin/../lib/gcc/mingw32/6.3.0/../../../crt2.o (_fmode)
c:/mingw/bin/../lib/gcc/mingw32/6.3.0/../../../libmingw32.a(gccmain.o)
                              c:/mingw/bin/../lib/gcc/mingw32/6.3.0/../../../crt2.o (__main)
c:/mingw/bin/../lib/gcc/mingw32/6.3.0/../../../libmingw32.a(tlssup.o)
                              c:/mingw/bin/../lib/gcc/mingw32/6.3.0/../../../crt2.o (__dyn_tls_init_callback)
c:/mingw/bin/../lib/gcc/mingw32/6.3.0/../../../libmingw32.a(tlsthrd.o)
                              c:/mingw/bin/../lib/gcc/mingw32/6.3.0/../../../libmingw32.a(tlssup.o) (__mingw_TLScallback)
c:/mingw/bin/../lib/gcc/mingw32/6.3.0/../../../libmingw32.a(pseudo-reloc.o)
                              c:/mingw/bin/../lib/gcc/mingw32/6.3.0/../../../crt2.o (_pei386_runtime_relocator)
c:/mingw/bin/../lib/gcc/mingw32/6.3.0/../../../libmingw32.a(pseudo-reloc-list.o)
                              c:/mingw/bin/../lib/gcc/mingw32/6.3.0/../../../libmingw32.a(pseudo-reloc.o) (__RUNTIME_PSEUDO_RELOC_LIST__)
c:/mingw/bin/../lib/gcc/mingw32/6.3.0/../../../libmingw32.a(crtst.o)
                              c:/mingw/bin/../lib/gcc/mingw32/6.3.0/../../../libmingw32.a(tlssup.o) (_CRT_MT)
c:/mingw/bin/../lib/gcc/mingw32/6.3.0/libgcc.a(_chkstk_ms.o)
                              C:\Users\home\AppData\Local\Temp\ccpPSMql.o (__chkstk_ms)
c:/mingw/bin/../lib/gcc/mingw32/6.3.0/libgcc.a(_ctors.o)
                              c:/mingw/bin/../lib/gcc/mingw32/6.3.0/../../../libmingw32.a(gccmain.o) (__DTOR_LIST__)
c:/mingw/bin/../lib/gcc/mingw32/6.3.0/../../../libmingwex.a(fesetenv.o)
                              c:/mingw/bin/../lib/gcc/mingw32/6.3.0/../../../crt2.o (fesetenv)
c:/mingw/bin/../lib/gcc/mingw32/6.3.0/../../../libmingwex.a(snprintf.o)
                              C:\Users\home\AppData\Local\Temp\cc4Ak7pl.o (snprintf)
c:/mingw/bin/../lib/gcc/mingw32/6.3.0/../../../libmingwex.a(vfprintf.o)
                              C:\Users\home\AppData\Local\Temp\ccyN0z6I.o (__mingw_vfprintf)
c:/mingw/bin/../lib/gcc/mingw32/6.3.0/../../../libmingwex.a(vprintf.o)
                              C:\Users\home\AppData\Local\Temp\ccyN0z6I.o (__mingw_vprintf)
c:/mingw/bin/../lib/gcc/mingw32/6.3.0/../../../libmingwex.a(vsnprintf.o)
                              c:/mingw/bin/../lib/gcc/mingw32/6.3.0/../../../libmingwex.a(snprintf.o) (__mingw_vsnprintf)
c:/mingw/bin/../lib/gcc/mingw32/6.3.0/../../../libmingwex.a(glob.o)
                              c:/mingw/bin/../lib/gcc/mingw32/6.3.0/../../../libmingw32.a(setargv.o) (__mingw_glob)
c:/mingw/bin/../lib/gcc/mingw32/6.3.0/../../../libmingwex.a(dirname.o)
                              c:/mingw/bin/../lib/gcc/mingw32/6.3.0/../../../libmingwex.a(glob.o) (__mingw_dirname)
c:/mingw/bin/../lib/gcc/mingw32/6.3.0/../../../libmingwex.a(dirent.o)
                              c:/mingw/bin/../lib/gcc/mingw32/6.3.0/../../../libmingwex.a(glob.o) (__mingw_opendir)
c:/mingw/bin/../lib/gcc/mingw32/6.3.0/../../../libmingwex.a(pformat.o)
                              c:/mingw/bin/../lib/gcc/mingw32/6.3.0/../../../libmingwex.a(vfprintf.o) (__mingw_pformat)
c:/mingw/bin/../lib/gcc/mingw32/6.3.0/../../../libmingwex.a(varofmt.o)
                              c:/mingw/bin/../lib/gcc/mingw32/6.3.0/../../../libmingwex.a(pformat.o) (__mingw_output_format_flags)
c:/mingw/bin/../lib/gcc/mingw32/6.3.0/../../../libmingwex.a(mbrtowc.o)
                              c:/mingw/bin/../lib/gcc/mingw32/6.3.0/../../../libmingwex.a(pformat.o) (mbrtowc)
c:/mingw/bin/../lib/gcc/mingw32/6.3.0/../../../libmingwex.a(wcrtomb.o)
                              c:/mingw/bin/../lib/gcc/mingw32/6.3.0/../../../libmingwex.a(pformat.o) (wcrtomb)
c:/mingw/bin/../lib/gcc/mingw32/6.3.0/../../../libmingwex.a(gdtoa.o)
                              c:/mingw/bin/../lib/gcc/mingw32/6.3.0/../../../libmingwex.a(pformat.o) (__gdtoa)
c:/mingw/bin/../lib/gcc/mingw32/6.3.0/../../../libmingwex.a(gmisc.o)
[...]
Memory Configuration

Name             Origin             Length             Attributes
*default*        0x00000000         0xffffffff

Linker script and memory map

                0x00400000                __image_base__ = 0x400000
                0x00000000                __dll__ = 0x0
                0x00400000                ___ImageBase = 0x400000
                0x00001000                __section_alignment__ = 0x1000
                0x00000200                __file_alignment__ = 0x200
                0x00000004                __major_os_version__ = 0x4
                0x00000000                __minor_os_version__ = 0x0
                0x00000001                __major_image_version__ = 0x1
                0x00000000                __minor_image_version__ = 0x0
                0x00000004                __major_subsystem_version__ = 0x4
                0x00000000                __minor_subsystem_version__ = 0x0
                0x00000003                __subsystem__ = 0x3
                0x00200000                __size_of_stack_reserve__ = 0x200000
                0x00001000                __size_of_stack_commit__ = 0x1000
                0x00100000                __size_of_heap_reserve__ = 0x100000
                0x00001000                __size_of_heap_commit__ = 0x1000
                0x00000000                __loader_flags__ = 0x0
                0x00000000                __dll_characteristics__ = 0x0
LOAD c:/mingw/bin/../lib/gcc/mingw32/6.3.0/../../../crt2.o
LOAD c:/mingw/bin/../lib/gcc/mingw32/6.3.0/crtbegin.o
LOAD C:\Users\home\AppData\Local\Temp\ccyN0z6I.o
LOAD C:\Users\home\AppData\Local\Temp\ccRoBqvr.o
LOAD C:\Users\home\AppData\Local\Temp\cc4Ak7pl.o
LOAD C:\Users\home\AppData\Local\Temp\ccpPSMql.o
LOAD C:\Users\home\AppData\Local\Temp\cchaU9mm.o
LOAD C:\Users\home\AppData\Local\Temp\ccdv4XKv.o
LOAD c:/mingw/bin/../lib/gcc/mingw32/6.3.0/../../../libmingw32.a
LOAD c:/mingw/bin/../lib/gcc/mingw32/6.3.0/libgcc.a
LOAD c:/mingw/bin/../lib/gcc/mingw32/6.3.0/libgcc_eh.a
LOAD c:/mingw/bin/../lib/gcc/mingw32/6.3.0/../../../libmoldname.a
LOAD c:/mingw/bin/../lib/gcc/mingw32/6.3.0/../../../libmingwex.a
LOAD c:/mingw/bin/../lib/gcc/mingw32/6.3.0/../../../libmsvcrt.a
LOAD c:/mingw/bin/../lib/gcc/mingw32/6.3.0/../../../libadvapi32.a
LOAD c:/mingw/bin/../lib/gcc/mingw32/6.3.0/../../../libshell32.a
LOAD c:/mingw/bin/../lib/gcc/mingw32/6.3.0/../../../libuser32.a
LOAD c:/mingw/bin/../lib/gcc/mingw32/6.3.0/../../../libkernel32.a
LOAD c:/mingw/bin/../lib/gcc/mingw32/6.3.0/../../../libmingw32.a
LOAD c:/mingw/bin/../lib/gcc/mingw32/6.3.0/libgcc.a
LOAD c:/mingw/bin/../lib/gcc/mingw32/6.3.0/libgcc_eh.a
LOAD c:/mingw/bin/../lib/gcc/mingw32/6.3.0/../../../libmoldname.a
LOAD c:/mingw/bin/../lib/gcc/mingw32/6.3.0/../../../libmingwex.a
LOAD c:/mingw/bin/../lib/gcc/mingw32/6.3.0/../../../libmsvcrt.a
LOAD c:/mingw/bin/../lib/gcc/mingw32/6.3.0/crtend.o
                0x000003f8                . = SIZEOF_HEADERS
                0x00001000                . = ALIGN (__section_alignment__)

.text           0x00401000     0xb600
 *(.init)
 *(.text)
 .text          0x00401000      0x340 c:/mingw/bin/../lib/gcc/mingw32/6.3.0/../../../crt2.o
                0x004012a0                _mingw32_init_mainargs
                0x004012e0                mainCRTStartup
                0x00401300                WinMainCRTStartup
                0x00401320                atexit
                0x00401330                _onexit
 .text          0x00401340      0x120 c:/mingw/bin/../lib/gcc/mingw32/6.3.0/crtbegin.o
                0x00401340                __gcc_register_frame
                0x00401430                __gcc_deregister_frame
 .text          0x00401460      0x3a0 c:/mingw/bin/../lib/gcc/mingw32/6.3.0/../../../libmingw32.a(setargv.o)
                0x00401460                _setargv
 .text          0x00401800      0x110 c:/mingw/bin/../lib/gcc/mingw32/6.3.0/../../../libmingw32.a(cpu_features.o)
                0x00401800                __cpu_features_init
 .text          0x00401910       0xa0 c:/mingw/bin/../lib/gcc/mingw32/6.3.0/../../../libmingw32.a(gccmain.o)
                0x00401910                __do_global_dtors
                0x00401940                __do_global_ctors
                0x00401990                __main
 .text          0x004019b0       0xf0 c:/mingw/bin/../lib/gcc/mingw32/6.3.0/../../../libmingw32.a(tlssup.o)
                0x00401a00                __dyn_tls_init@12
                0x00401a90                __tlregdtor
 .text          0x00401aa0      0x230 c:/mingw/bin/../lib/gcc/mingw32/6.3.0/../../../libmingw32.a(tlsthrd.o)
                0x00401b00                ___w64_mingwthr_add_key_dtor
                0x00401b90                ___w64_mingwthr_remove_key_dtor
                0x00401c30                __mingw_TLScallback
 .text          0x00401cd0      0x310 c:/mingw/bin/../lib/gcc/mingw32/6.3.0/../../../libmingw32.a(pseudo-reloc.o)
                0x00401e10                _pei386_runtime_relocator
 .text          0x00401fe0       0x2c c:/mingw/bin/../lib/gcc/mingw32/6.3.0/libgcc.a(_chkstk_ms.o)
                0x00401fe0                __chkstk_ms
 *fill*         0x0040200c        0x4 
 .text          0x00402010       0x70 c:/mingw/bin/../lib/gcc/mingw32/6.3.0/../../../libmingwex.a(fesetenv.o)
                0x00402010                fesetenv
 .text          0x00402080       0x30 c:/mingw/bin/../lib/gcc/mingw32/6.3.0/../../../libmingwex.a(snprintf.o)
                0x00402080                snprintf
                0x00402080                __mingw_snprintf
 .text          0x004020b0       0x40 c:/mingw/bin/../lib/gcc/mingw32/6.3.0/../../../libmingwex.a(vfprintf.o)
                0x004020b0                __mingw_vfprintf
 .text          0x004020f0       0x40 c:/mingw/bin/../lib/gcc/mingw32/6.3.0/../../../libmingwex.a(vprintf.o)
                0x004020f0                __mingw_vprintf
 .text          0x00402130       0x80 c:/mingw/bin/../lib/gcc/mingw32/6.3.0/../../../libmingwex.a(vsnprintf.o)
                0x00402130                __mingw_vsnprintf
                0x00402130                vsnprintf
 .text          0x004021b0     0x1080 c:/mingw/bin/../lib/gcc/mingw32/6.3.0/../../../libmingwex.a(glob.o)
                0x004030e0                __mingw_glob
                0x004031d0                __mingw_globfree
 .text          0x00403230      0x400 c:/mingw/bin/../lib/gcc/mingw32/6.3.0/../../../libmingwex.a(dirname.o)
                0x00403230                __mingw_dirname
 .text          0x00403630      0x4f0 c:/mingw/bin/../lib/gcc/mingw32/6.3.0/../../../libmingwex.a(dirent.o)
                0x004037b0                __mingw_opendir
                0x00403970                __mingw_readdir
                0x004039c0                __mingw_closedir
                0x00403a10                __mingw_rewinddir
                0x00403a70                __mingw_telldir
                0x00403aa0                __mingw_seekdir
 .text          0x00403b20     0x2b00 c:/mingw/bin/../lib/gcc/mingw32/6.3.0/../../../libmingwex.a(pformat.o)
                0x004056b0                __mingw_pformat
 .text          0x00406620      0x430 c:/mingw/bin/../lib/gcc/mingw32/6.3.0/../../../libmingwex.a(mbrtowc.o)
                0x004067b0                mbrtowc
                0x00406850                mbsrtowcs
                0x004069c0                mbrlen
 .text          0x00406a50      0x290 c:/mingw/bin/../lib/gcc/mingw32/6.3.0/../../../libmingwex.a(wcrtomb.o)
                0x00406af0                wcrtomb
                0x00406b70                wcsrtombs
 .text          0x00406ce0     0x1630 c:/mingw/bin/../lib/gcc/mingw32/6.3.0/../../../libmingwex.a(gdtoa.o)
                0x00406ce0                __gdtoa
 .text          0x00408310      0x160 c:/mingw/bin/../lib/gcc/mingw32/6.3.0/../../../libmingwex.a(gmisc.o)
                0x00408310                __rshift_D2A
                0x00408430                __trailz_D2A
 .text          0x00408470      0x2d0 c:/mingw/bin/../lib/gcc/mingw32/6.3.0/../../../libmingwex.a(dmisc.o)
                0x00408470                __rv_alloc_D2A
                0x004084b0                __nrv_alloc_D2A
                0x00408530                __freedtoa
                0x00408550                __quorem_D2A
 .text          0x00408740      0xbd0 c:/mingw/bin/../lib/gcc/mingw32/6.3.0/../../../libmingwex.a(misc.o)
                0x00408860                __Balloc_D2A
                0x00408930                __Bfree_D2A
                0x004089a0                __multadd_D2A
                0x00408a90                __i2b_D2A
                0x00408ac0                __mult_D2A
                0x00408c30                __pow5mult_D2A
                0x00408da0                __lshift_D2A
                0x00408ec0                __cmp_D2A
                0x00408f10                __diff_D2A
                0x004090f0                __b2d_D2A
                0x004091f0                __d2b_D2A
                0x004092e0                __strcp_D2A
 .text          0x00409310        0x8 c:/mingw/bin/../lib/gcc/mingw32/6.3.0/../../../libmsvcrt.a(djpvbs01325.o)
                0x00409310                wcstombs
 .text          0x00409318        0x8 c:/mingw/bin/../lib/gcc/mingw32/6.3.0/../../../libmsvcrt.a(djpvbs01308.o)
                0x00409318                wcslen
 .text          0x00409320        0x8 c:/mingw/bin/../lib/gcc/mingw32/6.3.0/../../../libmsvcrt.a(djpvbs01284.o)
                0x00409320                vfprintf
 .text          0x00409328        0x8 c:/mingw/bin/../lib/gcc/mingw32/6.3.0/../../../libmsvcrt.a(djpvbs01277.o)
                0x00409328                tolower
 .text          0x00409330        0x8 c:/mingw/bin/../lib/gcc/mingw32/6.3.0/../../../libmsvcrt.a(djpvbs01272.o)
                0x00409330                time
 .text          0x00409338        0x8 c:/mingw/bin/../lib/gcc/mingw32/6.3.0/../../../libmsvcrt.a(djpvbs01263.o)
                0x00409338                strtoul
 .text          0x00409340        0x8 c:/mingw/bin/../lib/gcc/mingw32/6.3.0/../../../libmsvcrt.a(djpvbs01249.o)
                0x00409340                strlen
 .text          0x00409348        0x8 c:/mingw/bin/../lib/gcc/mingw32/6.3.0/../../../libmsvcrt.a(djpvbs01242.o)
                0x00409348                strcoll
 .text          0x00409350        0x8 c:/mingw/bin/../lib/gcc/mingw32/6.3.0/../../../libmsvcrt.a(djpvbs01240.o)
                0x00409350                strchr
 .text          0x00409358        0x8 c:/mingw/bin/../lib/gcc/mingw32/6.3.0/../../../libmsvcrt.a(djpvbs01235.o)
                0x00409358                srand
 .text          0x00409360        0x8 c:/mingw/bin/../lib/gcc/mingw32/6.3.0/../../../libmsvcrt.a(djpvbs01229.o)
                0x00409360                signal
 .text          0x00409368        0x8 c:/mingw/bin/../lib/gcc/mingw32/6.3.0/../../../libmsvcrt.a(djpvbs01227.o)
                0x00409368                setlocale
 .text          0x00409370        0x8 c:/mingw/bin/../lib/gcc/mingw32/6.3.0/../../../libmsvcrt.a(djpvbs01220.o)
                0x00409370                realloc
 .text          0x00409378        0x8 c:/mingw/bin/../lib/gcc/mingw32/6.3.0/../../../libmsvcrt.a(djpvbs01218.o)
                0x00409378                rand
 .text          0x00409380        0x8 c:/mingw/bin/../lib/gcc/mingw32/6.3.0/../../../libmsvcrt.a(djpvbs01203.o)
                0x00409380                memset
 .text          0x00409388        0x8 c:/mingw/bin/../lib/gcc/mingw32/6.3.0/../../../libmsvcrt.a(djpvbs01199.o)
                0x00409388                memcpy
 .text          0x00409390        0x8 c:/mingw/bin/../lib/gcc/mingw32/6.3.0/../../../libmsvcrt.a(djpvbs01198.o)
                0x00409390                memcmp
 .text          0x00409398        0x8 c:/mingw/bin/../lib/gcc/mingw32/6.3.0/../../../libmsvcrt.a(djpvbs01194.o)
                0x00409398                mbstowcs
 .text          0x004093a0        0x8 c:/mingw/bin/../lib/gcc/mingw32/6.3.0/../../../libmsvcrt.a(djpvbs01187.o)
                0x004093a0                malloc
 .text          0x004093a8        0x8 c:/mingw/bin/../lib/gcc/mingw32/6.3.0/../../../libmsvcrt.a(djpvbs01182.o)
                0x004093a8                localeconv
 .text          0x004093b0        0x8 c:/mingw/bin/../lib/gcc/mingw32/6.3.0/../../../libmsvcrt.a(djpvbs01161.o)
                0x004093b0                isprint
 .text          0x004093b8        0x8 c:/mingw/bin/../lib/gcc/mingw32/6.3.0/../../../libmsvcrt.a(djpvbs01147.o)
                0x004093b8                getenv
 .text          0x004093c0        0x8 c:/mingw/bin/../lib/gcc/mingw32/6.3.0/../../../libmsvcrt.a(djpvbs01142.o)
                0x004093c0                fwrite
 .text          0x004093c8        0x8 c:/mingw/bin/../lib/gcc/mingw32/6.3.0/../../../libmsvcrt.a(djpvbs01131.o)
                0x004093c8                free
 .text          0x004093d0        0x8 c:/mingw/bin/../lib/gcc/mingw32/6.3.0/../../../libmsvcrt.a(djpvbs01130.o)
                0x004093d0                fread
 .text          0x004093d8        0x8 c:/mingw/bin/../lib/gcc/mingw32/6.3.0/../../../libmsvcrt.a(djpvbs01126.o)
                0x004093d8                fputc
 .text          0x004093e0        0x8 c:/mingw/bin/../lib/gcc/mingw32/6.3.0/../../../libmsvcrt.a(djpvbs01122.o)
                0x004093e0                fopen
 .text          0x004093e8        0x8 c:/mingw/bin/../lib/gcc/mingw32/6.3.0/../../../libmsvcrt.a(djpvbs01117.o)
                0x004093e8                fgets
 .text          0x004093f0        0x8 c:/mingw/bin/../lib/gcc/mingw32/6.3.0/../../../libmsvcrt.a(djpvbs01114.o)
                0x004093f0                fflush
 .text          0x004093f8        0x8 c:/mingw/bin/../lib/gcc/mingw32/6.3.0/../../../libmsvcrt.a(djpvbs01111.o)
                0x004093f8                fclose
 .text          0x00409400        0x8 c:/mingw/bin/../lib/gcc/mingw32/6.3.0/../../../libmsvcrt.a(djpvbs01098.o)
                0x00409400                calloc
 .text          0x00409408        0x8 c:/mingw/bin/../lib/gcc/mingw32/6.3.0/../../../libmsvcrt.a(djpvbs01093.o)
                0x00409408                atoi
 .text          0x00409410        0x8 c:/mingw/bin/../lib/gcc/mingw32/6.3.0/../../../libmsvcrt.a(djpvbs01083.o)
                0x00409410                abort
 .text          0x00409418        0x8 c:/mingw/bin/../lib/gcc/mingw32/6.3.0/../../../libmsvcrt.a(djpvbs00753.o)
                0x00409418                _setmode
 .text          0x00409420        0x8 c:/mingw/bin/../lib/gcc/mingw32/6.3.0/../../../libmsvcrt.a(djpvbs00422.o)
                0x00409420                _isctype
 .text          0x00409428        0x8 c:/mingw/bin/../lib/gcc/mingw32/6.3.0/../../../libmsvcrt.a(djpvbs00350.o)
                0x00409428                _fullpath
 .text          0x00409430        0x8 c:/mingw/bin/../lib/gcc/mingw32/6.3.0/../../../libmsvcrt.a(djpvbs00319.o)
                0x00409430                _flsbuf
 .text          0x00409438        0x8 c:/mingw/bin/../lib/gcc/mingw32/6.3.0/../../../libmsvcrt.a(djpvbs00285.o)
                0x00409438                _errno
 .text          0x00409440        0x8 c:/mingw/bin/../lib/gcc/mingw32/6.3.0/../../../libmsvcrt.a(djpvbs00219.o)
                0x00409440                _cexit
 .text          0x00409448        0x8 c:/mingw/bin/../lib/gcc/mingw32/6.3.0/../../../libmsvcrt.a(djpvbs00133.o)
                0x00409448                __p__fmode
 .text          0x00409450        0x8 c:/mingw/bin/../lib/gcc/mingw32/6.3.0/../../../libmsvcrt.a(djpvbs00131.o)
                0x00409450                __p__environ
 .text          0x00409458        0x8 c:/mingw/bin/../lib/gcc/mingw32/6.3.0/../../../libmsvcrt.a(djpvbs00088.o)
                0x00409458                __getmainargs
 .text          0x00409460        0x8 c:/mingw/bin/../lib/gcc/mingw32/6.3.0/../../../libkernel32.a(dujcs01247.o)
                0x00409460                WideCharToMultiByte@32
 .text          0x00409468        0x8 c:/mingw/bin/../lib/gcc/mingw32/6.3.0/../../../libkernel32.a(dujcs01215.o)
                0x00409468                VirtualQuery@12
 .text          0x00409470        0x8 c:/mingw/bin/../lib/gcc/mingw32/6.3.0/../../../libkernel32.a(dujcs01213.o)
                0x00409470                VirtualProtect@16
 .text          0x00409478        0x8 c:/mingw/bin/../lib/gcc/mingw32/6.3.0/../../../libkernel32.a(dujcs01173.o)
                0x00409478                TlsGetValue@4
 .text          0x00409480        0x8 c:/mingw/bin/../lib/gcc/mingw32/6.3.0/../../../libkernel32.a(dujcs01152.o)
                0x00409480                Sleep@4
 .text          0x00409488        0x8 c:/mingw/bin/../lib/gcc/mingw32/6.3.0/../../../libkernel32.a(dujcs01140.o)
                0x00409488                SetUnhandledExceptionFilter@4
 .text          0x00409490        0x8 c:/mingw/bin/../lib/gcc/mingw32/6.3.0/../../../libkernel32.a(dujcs00860.o)
                0x00409490                MultiByteToWideChar@24
 .text          0x00409498        0x8 c:/mingw/bin/../lib/gcc/mingw32/6.3.0/../../../libkernel32.a(dujcs00817.o)
                0x00409498                LoadLibraryA@4
 .text          0x004094a0        0x8 c:/mingw/bin/../lib/gcc/mingw32/6.3.0/../../../libkernel32.a(dujcs00814.o)
                0x004094a0                LeaveCriticalSection@4
 .text          0x004094a8        0x8 c:/mingw/bin/../lib/gcc/mingw32/6.3.0/../../../libkernel32.a(dujcs00763.o)
                0x004094a8                IsDBCSLeadByteEx@8
 .text          0x004094b0        0x8 c:/mingw/bin/../lib/gcc/mingw32/6.3.0/../../../libkernel32.a(dujcs00744.o)
                0x004094b0                InterlockedExchange@8
 .text          0x004094b8        0x8 c:/mingw/bin/../lib/gcc/mingw32/6.3.0/../../../libkernel32.a(dujcs00734.o)
                0x004094b8                InitializeCriticalSection@4
 .text          0x004094c0        0x8 c:/mingw/bin/../lib/gcc/mingw32/6.3.0/../../../libkernel32.a(dujcs00577.o)
                0x004094c0                GetProcAddress@8
 .text          0x004094c8        0x8 c:/mingw/bin/../lib/gcc/mingw32/6.3.0/../../../libkernel32.a(dujcs00529.o)
                0x004094c8                GetModuleHandleA@4
 .text          0x004094d0        0x8 c:/mingw/bin/../lib/gcc/mingw32/6.3.0/../../../libkernel32.a(dujcs00510.o)
                0x004094d0                GetLastError@0
 .text          0x004094d8        0x8 c:/mingw/bin/../lib/gcc/mingw32/6.3.0/../../../libkernel32.a(dujcs00388.o)
                0x004094d8                GetCommandLineA@0
 .text          0x004094e0        0x8 c:/mingw/bin/../lib/gcc/mingw32/6.3.0/../../../libkernel32.a(dujcs00352.o)
                0x004094e0                FreeLibrary@4
 .text          0x004094e8        0x8 c:/mingw/bin/../lib/gcc/mingw32/6.3.0/../../../libkernel32.a(dujcs00321.o)
                0x004094e8                FindNextFileA@8
 .text          0x004094f0        0x8 c:/mingw/bin/../lib/gcc/mingw32/6.3.0/../../../libkernel32.a(dujcs00304.o)
                0x004094f0                FindFirstFileA@8
 .text          0x004094f8        0x8 c:/mingw/bin/../lib/gcc/mingw32/6.3.0/../../../libkernel32.a(dujcs00300.o)
                0x004094f8                FindClose@4
 .text          0x00409500        0x8 c:/mingw/bin/../lib/gcc/mingw32/6.3.0/../../../libkernel32.a(dujcs00279.o)
                0x00409500                ExitProcess@4
 .text          0x00409508        0x8 c:/mingw/bin/../lib/gcc/mingw32/6.3.0/../../../libkernel32.a(dujcs00236.o)
                0x00409508                EnterCriticalSection@4
 .text          0x00409510        0x8 c:/mingw/bin/../lib/gcc/mingw32/6.3.0/../../../libkernel32.a(dujcs00207.o)
                0x00409510                DeleteCriticalSection@4
 *fill*         0x00409518        0x8 
 .text          0x00409520      0x120 c:/mingw/bin/../lib/gcc/mingw32/6.3.0/libgcc.a(_udivdi3.o)
                0x00409520                __udivdi3
 .text          0x00409640      0x150 c:/mingw/bin/../lib/gcc/mingw32/6.3.0/libgcc.a(_umoddi3.o)
                0x00409640                __umoddi3
 .text          0x00409790        0x8 c:/mingw/bin/../lib/gcc/mingw32/6.3.0/../../../libmoldname.a(dagwbs00082.o)
                0x00409790                stricoll
 .text          0x00409798        0x8 c:/mingw/bin/../lib/gcc/mingw32/6.3.0/../../../libmoldname.a(dagwbs00080.o)
                0x00409798                strdup
 *(SORT(.text$*))
 .text$code_read_bytes
                0x004097a0       0x50 C:\Users\home\AppData\Local\Temp\cchaU9mm.o
                0x004097a0                code_read_bytes
 .text$disasm_print
                0x004097f0      0x220 C:\Users\home\AppData\Local\Temp\cc4Ak7pl.o
                0x004097f0                disasm_print
 .text$exec_instruction
                0x00409a10       0x10 C:\Users\home\AppData\Local\Temp\ccyN0z6I.o
                0x00409a10                exec_instruction
 .text$fetch_and_decode
                0x00409a20      0x400 C:\Users\home\AppData\Local\Temp\ccRoBqvr.o
                0x00409a20                fetch_and_decode
 .text$fetch_bytes.constprop.0
                0x00409e20       0x60 C:\Users\home\AppData\Local\Temp\ccRoBqvr.o
 .text$format_operand
                0x00409e80       0x40 C:\Users\home\AppData\Local\Temp\cc4Ak7pl.o
                0x00409e80                format_operand
 .text$format_operand.part.0
                0x00409ec0      0x390 C:\Users\home\AppData\Local\Temp\cc4Ak7pl.o
 .text$fprintf  0x0040a250       0x30 C:\Users\home\AppData\Local\Temp\ccyN0z6I.o
 .text$fprintf  0x0040a280       0x30 C:\Users\home\AppData\Local\Temp\ccpPSMql.o
 .text$fprintf  0x0040a2b0       0x30 C:\Users\home\AppData\Local\Temp\ccdv4XKv.o
 .text$get_mem_address.part.3
                0x0040a2e0      0x150 C:\Users\home\AppData\Local\Temp\ccyN0z6I.o
 .text$init_dispatch_table
                0x0040a430       0xe0 C:\Users\home\AppData\Local\Temp\ccyN0z6I.o
                0x0040a430                init_dispatch_table
 .text$mem_read_u16
                0x0040a510       0x40 C:\Users\home\AppData\Local\Temp\cchaU9mm.o
                0x0040a510                mem_read_u16
 .text$mem_read_u32
                0x0040a550       0x40 C:\Users\home\AppData\Local\Temp\cchaU9mm.o
                0x0040a550                mem_read_u32
 .text$mem_read_u8
                0x0040a590       0x40 C:\Users\home\AppData\Local\Temp\cchaU9mm.o
                0x0040a590                mem_read_u8
 .text$mem_write_u16
                0x0040a5d0       0x40 C:\Users\home\AppData\Local\Temp\cchaU9mm.o
                0x0040a5d0                mem_write_u16
 .text$mem_write_u32
                0x0040a610       0x50 C:\Users\home\AppData\Local\Temp\cchaU9mm.o
                0x0040a610                mem_write_u32
 .text$mem_write_u8
                0x0040a660       0x40 C:\Users\home\AppData\Local\Temp\cchaU9mm.o
                0x0040a660                mem_write_u8
 .text$op_add   0x0040a6a0       0x90 C:\Users\home\AppData\Local\Temp\ccyN0z6I.o
 .text$op_and   0x0040a730       0x90 C:\Users\home\AppData\Local\Temp\ccyN0z6I.o
 .text$op_cmp   0x0040a7c0       0x80 C:\Users\home\AppData\Local\Temp\ccyN0z6I.o
 .text$op_div   0x0040a840       0xd0 C:\Users\home\AppData\Local\Temp\ccyN0z6I.o
 .text$op_invalid
                0x0040a910       0x30 C:\Users\home\AppData\Local\Temp\ccyN0z6I.o
 .text$op_jmp   0x0040a940       0x50 C:\Users\home\AppData\Local\Temp\ccyN0z6I.o
 .text$op_jn    0x0040a990       0x60 C:\Users\home\AppData\Local\Temp\ccyN0z6I.o
 .text$op_jnn   0x0040a9f0       0x60 C:\Users\home\AppData\Local\Temp\ccyN0z6I.o
 .text$op_jnp   0x0040aa50       0x80 C:\Users\home\AppData\Local\Temp\ccyN0z6I.o
 .text$op_jnz   0x0040aad0       0x60 C:\Users\home\AppData\Local\Temp\ccyN0z6I.o
 .text$op_jp    0x0040ab30       0x60 C:\Users\home\AppData\Local\Temp\ccyN0z6I.o
 .text$op_jz    0x0040ab90       0x60 C:\Users\home\AppData\Local\Temp\ccyN0z6I.o
 .text$op_ldh   0x0040abf0       0x80 C:\Users\home\AppData\Local\Temp\ccyN0z6I.o
 .text$op_ldl   0x0040ac70       0x80 C:\Users\home\AppData\Local\Temp\ccyN0z6I.o
 .text$op_mov   0x0040acf0       0x60 C:\Users\home\AppData\Local\Temp\ccyN0z6I.o
 .text$op_mul   0x0040ad50       0xa0 C:\Users\home\AppData\Local\Temp\ccyN0z6I.o
 .text$op_not   0x0040adf0       0x70 C:\Users\home\AppData\Local\Temp\ccyN0z6I.o
 .text$op_or    0x0040ae60       0x90 C:\Users\home\AppData\Local\Temp\ccyN0z6I.o
 .text$op_rnd   0x0040aef0       0xe0 C:\Users\home\AppData\Local\Temp\ccyN0z6I.o
 .text$op_sar   0x0040afd0       0x90 C:\Users\home\AppData\Local\Temp\ccyN0z6I.o
 .text$op_shl   0x0040b060       0x90 C:\Users\home\AppData\Local\Temp\ccyN0z6I.o
 .text$op_shr   0x0040b0f0       0x90 C:\Users\home\AppData\Local\Temp\ccyN0z6I.o
 .text$op_stop  0x0040b180       0x20 C:\Users\home\AppData\Local\Temp\ccyN0z6I.o
 .text$op_sub   0x0040b1a0       0x90 C:\Users\home\AppData\Local\Temp\ccyN0z6I.o
 .text$op_swap  0x0040b230       0xa0 C:\Users\home\AppData\Local\Temp\ccyN0z6I.o
 .text$op_sys   0x0040b2d0      0x670 C:\Users\home\AppData\Local\Temp\ccyN0z6I.o
 .text$op_xor   0x0040b940       0xa0 C:\Users\home\AppData\Local\Temp\ccyN0z6I.o
 .text$opcode_mnemonic
                0x0040b9e0       0x20 C:\Users\home\AppData\Local\Temp\cc4Ak7pl.o
                0x0040b9e0                opcode_mnemonic
 .text$parse_input.constprop.6
                0x0040ba00      0x190 C:\Users\home\AppData\Local\Temp\ccyN0z6I.o
 .text$printf   0x0040bb90       0x20 C:\Users\home\AppData\Local\Temp\ccyN0z6I.o
 .text$printf   0x0040bbb0       0x20 C:\Users\home\AppData\Local\Temp\cc4Ak7pl.o
 .text$read_bytes
                0x0040bbd0       0xc0 C:\Users\home\AppData\Local\Temp\cchaU9mm.o
 .text$read_operand_u32
                0x0040bc90      0x1c0 C:\Users\home\AppData\Local\Temp\ccyN0z6I.o
                0x0040bc90                read_operand_u32
 .text$reg_name
                0x0040be50       0x50 C:\Users\home\AppData\Local\Temp\cc4Ak7pl.o
                0x0040be50                reg_name
 .text$translate_and_check
                0x0040bea0       0x40 C:\Users\home\AppData\Local\Temp\cchaU9mm.o
                0x0040bea0                translate_and_check
 .text$translate_and_check.part.0
                0x0040bee0       0x50 C:\Users\home\AppData\Local\Temp\cchaU9mm.o
 .text$vm_init  0x0040bf30       0x40 C:\Users\home\AppData\Local\Temp\ccdv4XKv.o
                0x0040bf30                vm_init
 .text$vm_load  0x0040bf70      0x200 C:\Users\home\AppData\Local\Temp\ccdv4XKv.o
                0x0040bf70                vm_load
 .text$vm_run   0x0040c170       0xc0 C:\Users\home\AppData\Local\Temp\ccdv4XKv.o
                0x0040c170                vm_run
 .text$write_bytes
                0x0040c230       0xa0 C:\Users\home\AppData\Local\Temp\cchaU9mm.o
 .text$write_operand_u32
                0x0040c2d0      0x170 C:\Users\home\AppData\Local\Temp\ccyN0z6I.o
                0x0040c2d0                write_operand_u32
 *(.text.*)
 .text.startup.main
                0x0040c440       0xd0 C:\Users\home\AppData\Local\Temp\ccpPSMql.o
                0x0040c440                main
 .text.startup  0x0040c510       0x10 c:/mingw/bin/../lib/gcc/mingw32/6.3.0/crtend.o
 *(.gnu.linkonce.t.*)
 *(.glue_7t)
 *(.glue_7)
                0x0040c520                ___CTOR_LIST__ = .
                0x0040c520                __CTOR_LIST__ = .
                0x0040c520        0x4 LONG 0xffffffff
 *(.ctors)
 *(.ctor)
 *(SORT(.ctors.*))
 .ctors.65535   0x0040c524        0x4 c:/mingw/bin/../lib/gcc/mingw32/6.3.0/crtend.o
                0x0040c528        0x4 LONG 0x0
                0x0040c52c                ___DTOR_LIST__ = .
                0x0040c52c                __DTOR_LIST__ = .
                0x0040c52c        0x4 LONG 0xffffffff
 *(.dtors)
 *(.dtor)
 *(SORT(.dtors.*))
                0x0040c530        0x4 LONG 0x0
 *(.fini)
 *(.gcc_exc)
                [!provide]                PROVIDE (etext, .)
                [!provide]                PROVIDE (_etext, .)
 *(.gcc_except_table)

.data           0x0040d000      0x200
                0x0040d000                __data_start__ = .
 *(.data)
 .data          0x0040d000        0x4 c:/mingw/bin/../lib/gcc/mingw32/6.3.0/crtbegin.o
 .data          0x0040d004        0x4 c:/mingw/bin/../lib/gcc/mingw32/6.3.0/../../../libmingw32.a(CRTglob.o)
                0x0040d004                _CRT_glob
 .data          0x0040d008        0x4 c:/mingw/bin/../lib/gcc/mingw32/6.3.0/../../../libmingw32.a(CRT_fp10.o)
                0x0040d008                _CRT_fenv
 .data          0x0040d00c        0x4 c:/mingw/bin/../lib/gcc/mingw32/6.3.0/../../../libmingw32.a(txtmode.o)
                0x0040d00c                _fmode
 .data          0x0040d010        0x4 c:/mingw/bin/../lib/gcc/mingw32/6.3.0/../../../libmingw32.a(gccmain.o)
 .data          0x0040d014        0x4 c:/mingw/bin/../lib/gcc/mingw32/6.3.0/../../../libmingwex.a(fesetenv.o)
 .data          0x0040d018       0x14 c:/mingw/bin/../lib/gcc/mingw32/6.3.0/../../../libmingwex.a(pformat.o)
 .data          0x0040d02c        0x4 c:/mingw/bin/../lib/gcc/mingw32/6.3.0/../../../libmingwex.a(misc.o)
 *(.data2)
 *(SORT(.data$*))
 .data$buf.1889
                0x0040d030        0x8 C:\Users\home\AppData\Local\Temp\cc4Ak7pl.o
 .data$seeded.2508
                0x0040d038        0x4 C:\Users\home\AppData\Local\Temp\ccyN0z6I.o
 .data$unk.1894
                0x0040d03c        0x8 C:\Users\home\AppData\Local\Temp\cc4Ak7pl.o
 *(.jcr)
 .jcr           0x0040d044        0x0 c:/mingw/bin/../lib/gcc/mingw32/6.3.0/crtbegin.o
 .jcr           0x0040d044        0x4 c:/mingw/bin/../lib/gcc/mingw32/6.3.0/crtend.o
                0x0040d048                __data_end__ = .
 *(.data_cygwin_nocopy)

.rdata          0x0040e000     0x1000
 *(.rdata)
 .rdata         0x0040e000       0x64 c:/mingw/bin/../lib/gcc/mingw32/6.3.0/crtbegin.o
 .rdata         0x0040e064      0x118 C:\Users\home\AppData\Local\Temp\ccyN0z6I.o
 .rdata         0x0040e17c      0x164 C:\Users\home\AppData\Local\Temp\cc4Ak7pl.o
 .rdata         0x0040e2e0       0x38 C:\Users\home\AppData\Local\Temp\ccpPSMql.o
 .rdata         0x0040e318      0x128 C:\Users\home\AppData\Local\Temp\ccdv4XKv.o
 .rdata         0x0040e440        0x4 c:/mingw/bin/../lib/gcc/mingw32/6.3.0/../../../libmingw32.a(tlssup.o)
                0x0040e440                __dyn_tls_init_callback
 .rdata         0x0040e444       0xac c:/mingw/bin/../lib/gcc/mingw32/6.3.0/../../../libmingw32.a(pseudo-reloc.o)
 .rdata         0x0040e4f0       0x14 c:/mingw/bin/../lib/gcc/mingw32/6.3.0/../../../libmingwex.a(glob.o)
 .rdata         0x0040e504        0x8 c:/mingw/bin/../lib/gcc/mingw32/6.3.0/../../../libmingwex.a(dirname.o)
 .rdata         0x0040e50c      0x290 c:/mingw/bin/../lib/gcc/mingw32/6.3.0/../../../libmingwex.a(pformat.o)
 *fill*         0x0040e79c        0x4 
 .rdata         0x0040e7a0       0x68 c:/mingw/bin/../lib/gcc/mingw32/6.3.0/../../../libmingwex.a(gdtoa.o)
 *fill*         0x0040e808       0x18 
 .rdata         0x0040e820      0x160 c:/mingw/bin/../lib/gcc/mingw32/6.3.0/../../../libmingwex.a(misc.o)
                0x0040e840                __tens_D2A
                0x0040e900                __tinytens_D2A
                0x0040e940                __bigtens_D2A
 *(SORT(.rdata$*))
 .rdata$CSWTCH.4
                0x0040e980        0x4 C:\Users\home\AppData\Local\Temp\ccRoBqvr.o
 .rdata$CSWTCH.6
                0x0040e984        0xc C:\Users\home\AppData\Local\Temp\ccRoBqvr.o
 *fill*         0x0040e990       0x10 
 .rdata$R.1893  0x0040e9a0       0x80 C:\Users\home\AppData\Local\Temp\cc4Ak7pl.o
 .rdata$T.1864  0x0040ea20      0x400 C:\Users\home\AppData\Local\Temp\cc4Ak7pl.o
                0x0040ee20                __rt_psrelocs_start = .
 *(.rdata_runtime_pseudo_reloc)
                0x0040ee20                __rt_psrelocs_end = .
                0x00000000                __rt_psrelocs_size = (__rt_psrelocs_end - __rt_psrelocs_start)
                0x0040ee20                ___RUNTIME_PSEUDO_RELOC_LIST_END__ = .
                0x0040ee20                __RUNTIME_PSEUDO_RELOC_LIST_END__ = .
                0x0040ee20                ___RUNTIME_PSEUDO_RELOC_LIST__ = (. - __rt_psrelocs_size)
                0x0040ee20                __RUNTIME_PSEUDO_RELOC_LIST__ = (. - __rt_psrelocs_size)

.eh_frame       0x0040f000     0x2600
 *(.eh_frame*)
 .eh_frame      0x0040f000       0xb8 c:/mingw/bin/../lib/gcc/mingw32/6.3.0/../../../crt2.o
 .eh_frame      0x0040f0b8       0x64 c:/mingw/bin/../lib/gcc/mingw32/6.3.0/crtbegin.o
                0x0040f0b8                __EH_FRAME_BEGIN__
 .eh_frame      0x0040f11c      0x788 C:\Users\home\AppData\Local\Temp\ccyN0z6I.o
 .eh_frame      0x0040f8a4       0xac C:\Users\home\AppData\Local\Temp\ccRoBqvr.o
 .eh_frame      0x0040f950      0x17c C:\Users\home\AppData\Local\Temp\cc4Ak7pl.o
 .eh_frame      0x0040facc       0x60 C:\Users\home\AppData\Local\Temp\ccpPSMql.o
 .eh_frame      0x0040fb2c      0x1d8 C:\Users\home\AppData\Local\Temp\cchaU9mm.o
 .eh_frame      0x0040fd04       0xfc C:\Users\home\AppData\Local\Temp\ccdv4XKv.o
 .eh_frame      0x0040fe00       0x58 c:/mingw/bin/../lib/gcc/mingw32/6.3.0/../../../libmingw32.a(setargv.o)
 .eh_frame      0x0040fe58       0x40 c:/mingw/bin/../lib/gcc/mingw32/6.3.0/../../../libmingw32.a(cpu_features.o)
 .eh_frame      0x0040fe98       0x68 c:/mingw/bin/../lib/gcc/mingw32/6.3.0/../../../libmingw32.a(gccmain.o)
 .eh_frame      0x0040ff00       0x88 c:/mingw/bin/../lib/gcc/mingw32/6.3.0/../../../libmingw32.a(tlssup.o)
 .eh_frame      0x0040ff88      0x108 c:/mingw/bin/../lib/gcc/mingw32/6.3.0/../../../libmingw32.a(tlsthrd.o)
 .eh_frame      0x00410090       0xd8 c:/mingw/bin/../lib/gcc/mingw32/6.3.0/../../../libmingw32.a(pseudo-reloc.o)
 .eh_frame      0x00410168       0x34 c:/mingw/bin/../lib/gcc/mingw32/6.3.0/../../../libmingwex.a(fesetenv.o)
 .eh_frame      0x0041019c       0x30 c:/mingw/bin/../lib/gcc/mingw32/6.3.0/../../../libmingwex.a(snprintf.o)
 .eh_frame      0x004101cc       0x30 c:/mingw/bin/../lib/gcc/mingw32/6.3.0/../../../libmingwex.a(vfprintf.o)
 .eh_frame      0x004101fc       0x30 c:/mingw/bin/../lib/gcc/mingw32/6.3.0/../../../libmingwex.a(vprintf.o)
 .eh_frame      0x0041022c       0x50 c:/mingw/bin/../lib/gcc/mingw32/6.3.0/../../../libmingwex.a(vsnprintf.o)
 .eh_frame      0x0041027c      0x25c c:/mingw/bin/../lib/gcc/mingw32/6.3.0/../../../libmingwex.a(glob.o)
 .eh_frame      0x004104d8       0x58 c:/mingw/bin/../lib/gcc/mingw32/6.3.0/../../../libmingwex.a(dirname.o)
 .eh_frame      0x00410530      0x1c4 c:/mingw/bin/../lib/gcc/mingw32/6.3.0/../../../libmingwex.a(dirent.o)
 .eh_frame      0x004106f4      0x4e0 c:/mingw/bin/../lib/gcc/mingw32/6.3.0/../../../libmingwex.a(pformat.o)
 .eh_frame      0x00410bd4      0x130 c:/mingw/bin/../lib/gcc/mingw32/6.3.0/../../../libmingwex.a(mbrtowc.o)
 .eh_frame      0x00410d04       0xf8 c:/mingw/bin/../lib/gcc/mingw32/6.3.0/../../../libmingwex.a(wcrtomb.o)
 .eh_frame      0x00410dfc       0xa0 c:/mingw/bin/../lib/gcc/mingw32/6.3.0/../../../libmingwex.a(gdtoa.o)
 .eh_frame      0x00410e9c       0x98 c:/mingw/bin/../lib/gcc/mingw32/6.3.0/../../../libmingwex.a(gmisc.o)
 .eh_frame      0x00410f34       0xc4 c:/mingw/bin/../lib/gcc/mingw32/6.3.0/../../../libmingwex.a(dmisc.o)
 .eh_frame      0x00410ff8      0x380 c:/mingw/bin/../lib/gcc/mingw32/6.3.0/../../../libmingwex.a(misc.o)
 .eh_frame      0x00411378       0x9c c:/mingw/bin/../lib/gcc/mingw32/6.3.0/libgcc.a(_udivdi3.o)
 .eh_frame      0x00411414       0x9c c:/mingw/bin/../lib/gcc/mingw32/6.3.0/libgcc.a(_umoddi3.o)
 .eh_frame      0x004114b0       0x3c c:/mingw/bin/../lib/gcc/mingw32/6.3.0/crtend.o

.pdata
 *(.pdata*)

.bss            0x00412000      0xa24
                0x00412000                __bss_start__ = .
 *(.bss)
 .bss           0x00412000        0x8 c:/mingw/bin/../lib/gcc/mingw32/6.3.0/../../../crt2.o
                0x00412000                _argv
                0x00412004                _argc
 .bss           0x00412008       0x18 c:/mingw/bin/../lib/gcc/mingw32/6.3.0/crtbegin.o
 .bss           0x00412020        0x4 c:/mingw/bin/../lib/gcc/mingw32/6.3.0/../../../libmingw32.a(CRTfmode.o)
                0x00412020                _CRT_fmode
 .bss           0x00412024        0x4 c:/mingw/bin/../lib/gcc/mingw32/6.3.0/../../../libmingw32.a(cpu_features.o)
                0x00412024                __cpu_features
 .bss           0x00412028        0x4 c:/mingw/bin/../lib/gcc/mingw32/6.3.0/../../../libmingw32.a(gccmain.o)
 .bss           0x0041202c       0x10 c:/mingw/bin/../lib/gcc/mingw32/6.3.0/../../../libmingw32.a(tlssup.o)
                0x0041202c                mingw_initltssuo_force
                0x00412030                mingw_initltsdyn_force
                0x00412034                mingw_initltsdrot_force
                0x00412038                _tls_index
 .bss           0x0041203c       0x20 c:/mingw/bin/../lib/gcc/mingw32/6.3.0/../../../libmingw32.a(tlsthrd.o)
 .bss           0x0041205c        0x4 c:/mingw/bin/../lib/gcc/mingw32/6.3.0/../../../libmingw32.a(pseudo-reloc.o)
 .bss           0x00412060        0x4 c:/mingw/bin/../lib/gcc/mingw32/6.3.0/../../../libmingw32.a(crtst.o)
                0x00412060                _CRT_MT
 .bss           0x00412064        0x4 c:/mingw/bin/../lib/gcc/mingw32/6.3.0/../../../libmingwex.a(dirname.o)
 .bss           0x00412068        0x4 c:/mingw/bin/../lib/gcc/mingw32/6.3.0/../../../libmingwex.a(varofmt.o)
                0x00412068                __mingw_output_format_flags
 .bss           0x0041206c        0xc c:/mingw/bin/../lib/gcc/mingw32/6.3.0/../../../libmingwex.a(mbrtowc.o)
 *fill*         0x00412078        0x8 
 .bss           0x00412080      0x9a0 c:/mingw/bin/../lib/gcc/mingw32/6.3.0/../../../libmingwex.a(misc.o)
 *(COMMON)
 COMMON         0x00412a20        0x4 c:/mingw/bin/../lib/gcc/mingw32/6.3.0/crtbegin.o
                0x00412a20                hmod_libgcc
                0x00412a24                __bss_end__ = .

.edata
 *(.edata)

/DISCARD/
 *(.debug$S)
 *(.debug$T)
 *(.debug$F)
 *(.drectve)
 *(.note.GNU-stack)
 *(.gnu.lto_*)

.idata          0x00413000      0x800
 SORT(*)(.idata$2)
 .idata$2       0x00413000       0x14 c:/mingw/bin/../lib/gcc/mingw32/6.3.0/../../../libkernel32.a(dujch.o)
                0x00413000                _head_libkernel32_a
 .idata$2       0x00413014       0x14 c:/mingw/bin/../lib/gcc/mingw32/6.3.0/../../../libmoldname.a(dagwbh.o)
                0x00413014                _head_libmoldname_a
 .idata$2       0x00413028       0x14 c:/mingw/bin/../lib/gcc/mingw32/6.3.0/../../../libmsvcrt.a(djpvbh.o)
                0x00413028                _head_libmsvcrt_a
 SORT(*)(.idata$3)
                0x0041303c        0x4 LONG 0x0
                0x00413040        0x4 LONG 0x0
                0x00413044        0x4 LONG 0x0
                0x00413048        0x4 LONG 0x0
                0x0041304c        0x4 LONG 0x0
 SORT(*)(.idata$4)
 .idata$4       0x00413050        0x0 c:/mingw/bin/../lib/gcc/mingw32/6.3.0/../../../libkernel32.a(dujch.o)
 .idata$4       0x00413050        0x4 c:/mingw/bin/../lib/gcc/mingw32/6.3.0/../../../libkernel32.a(dujcs00207.o)
 .idata$4       0x00413054        0x4 c:/mingw/bin/../lib/gcc/mingw32/6.3.0/../../../libkernel32.a(dujcs00236.o)
 .idata$4       0x00413058        0x4 c:/mingw/bin/../lib/gcc/mingw32/6.3.0/../../../libkernel32.a(dujcs00279.o)
 .idata$4       0x0041305c        0x4 c:/mingw/bin/../lib/gcc/mingw32/6.3.0/../../../libkernel32.a(dujcs00300.o)
 .idata$4       0x00413060        0x4 c:/mingw/bin/../lib/gcc/mingw32/6.3.0/../../../libkernel32.a(dujcs00304.o)
 .idata$4       0x00413064        0x4 c:/mingw/bin/../lib/gcc/mingw32/6.3.0/../../../libkernel32.a(dujcs00321.o)
 .idata$4       0x00413068        0x4 c:/mingw/bin/../lib/gcc/mingw32/6.3.0/../../../libkernel32.a(dujcs00352.o)
 .idata$4       0x0041306c        0x4 c:/mingw/bin/../lib/gcc/mingw32/6.3.0/../../../libkernel32.a(dujcs00388.o)
 .idata$4       0x00413070        0x4 c:/mingw/bin/../lib/gcc/mingw32/6.3.0/../../../libkernel32.a(dujcs00510.o)
 .idata$4       0x00413074        0x4 c:/mingw/bin/../lib/gcc/mingw32/6.3.0/../../../libkernel32.a(dujcs00529.o)
 .idata$4       0x00413078        0x4 c:/mingw/bin/../lib/gcc/mingw32/6.3.0/../../../libkernel32.a(dujcs00577.o)
 .idata$4       0x0041307c        0x4 c:/mingw/bin/../lib/gcc/mingw32/6.3.0/../../../libkernel32.a(dujcs00734.o)
 .idata$4       0x00413080        0x4 c:/mingw/bin/../lib/gcc/mingw32/6.3.0/../../../libkernel32.a(dujcs00744.o)
 .idata$4       0x00413084        0x4 c:/mingw/bin/../lib/gcc/mingw32/6.3.0/../../../libkernel32.a(dujcs00763.o)
 .idata$4       0x00413088        0x4 c:/mingw/bin/../lib/gcc/mingw32/6.3.0/../../../libkernel32.a(dujcs00814.o)
 .idata$4       0x0041308c        0x4 c:/mingw/bin/../lib/gcc/mingw32/6.3.0/../../../libkernel32.a(dujcs00817.o)
 .idata$4       0x00413090        0x4 c:/mingw/bin/../lib/gcc/mingw32/6.3.0/../../../libkernel32.a(dujcs00860.o)
 .idata$4       0x00413094        0x4 c:/mingw/bin/../lib/gcc/mingw32/6.3.0/../../../libkernel32.a(dujcs01140.o)
 .idata$4       0x00413098        0x4 c:/mingw/bin/../lib/gcc/mingw32/6.3.0/../../../libkernel32.a(dujcs01152.o)
 .idata$4       0x0041309c        0x4 c:/mingw/bin/../lib/gcc/mingw32/6.3.0/../../../libkernel32.a(dujcs01173.o)
 .idata$4       0x004130a0        0x4 c:/mingw/bin/../lib/gcc/mingw32/6.3.0/../../../libkernel32.a(dujcs01213.o)
 .idata$4       0x004130a4        0x4 c:/mingw/bin/../lib/gcc/mingw32/6.3.0/../../../libkernel32.a(dujcs01215.o)
 .idata$4       0x004130a8        0x4 c:/mingw/bin/../lib/gcc/mingw32/6.3.0/../../../libkernel32.a(dujcs01247.o)
 .idata$4       0x004130ac        0x4 c:/mingw/bin/../lib/gcc/mingw32/6.3.0/../../../libkernel32.a(dujct.o)
 .idata$4       0x004130b0        0x0 c:/mingw/bin/../lib/gcc/mingw32/6.3.0/../../../libmoldname.a(dagwbh.o)
 .idata$4       0x004130b0        0x4 c:/mingw/bin/../lib/gcc/mingw32/6.3.0/../../../libmoldname.a(dagwbs00080.o)
 .idata$4       0x004130b4        0x4 c:/mingw/bin/../lib/gcc/mingw32/6.3.0/../../../libmoldname.a(dagwbs00082.o)
 .idata$4       0x004130b8        0x4 c:/mingw/bin/../lib/gcc/mingw32/6.3.0/../../../libmoldname.a(dagwbt.o)
 .idata$4       0x004130bc        0x0 c:/mingw/bin/../lib/gcc/mingw32/6.3.0/../../../libmsvcrt.a(djpvbh.o)
 .idata$4       0x004130bc        0x4 c:/mingw/bin/../lib/gcc/mingw32/6.3.0/../../../libmsvcrt.a(djpvbs00088.o)
 .idata$4       0x004130c0        0x4 c:/mingw/bin/../lib/gcc/mingw32/6.3.0/../../../libmsvcrt.a(djpvbs00119.o)
 .idata$4       0x004130c4        0x4 c:/mingw/bin/../lib/gcc/mingw32/6.3.0/../../../libmsvcrt.a(djpvbs00131.o)
 .idata$4       0x004130c8        0x4 c:/mingw/bin/../lib/gcc/mingw32/6.3.0/../../../libmsvcrt.a(djpvbs00133.o)
 .idata$4       0x004130cc        0x4 c:/mingw/bin/../lib/gcc/mingw32/6.3.0/../../../libmsvcrt.a(djpvbs00153.o)
 .idata$4       0x004130d0        0x4 c:/mingw/bin/../lib/gcc/mingw32/6.3.0/../../../libmsvcrt.a(djpvbs00219.o)
 .idata$4       0x004130d4        0x4 c:/mingw/bin/../lib/gcc/mingw32/6.3.0/../../../libmsvcrt.a(djpvbs00285.o)
 .idata$4       0x004130d8        0x4 c:/mingw/bin/../lib/gcc/mingw32/6.3.0/../../../libmsvcrt.a(djpvbs00319.o)
 .idata$4       0x004130dc        0x4 c:/mingw/bin/../lib/gcc/mingw32/6.3.0/../../../libmsvcrt.a(djpvbs00324.o)
 .idata$4       0x004130e0        0x4 c:/mingw/bin/../lib/gcc/mingw32/6.3.0/../../../libmsvcrt.a(djpvbs00350.o)
 .idata$4       0x004130e4        0x4 c:/mingw/bin/../lib/gcc/mingw32/6.3.0/../../../libmsvcrt.a(djpvbs00417.o)
 .idata$4       0x004130e8        0x4 c:/mingw/bin/../lib/gcc/mingw32/6.3.0/../../../libmsvcrt.a(djpvbs00422.o)
 .idata$4       0x004130ec        0x4 c:/mingw/bin/../lib/gcc/mingw32/6.3.0/../../../libmsvcrt.a(djpvbs00689.o)
 .idata$4       0x004130f0        0x4 c:/mingw/bin/../lib/gcc/mingw32/6.3.0/../../../libmsvcrt.a(djpvbs00698.o)
 .idata$4       0x004130f4        0x4 c:/mingw/bin/../lib/gcc/mingw32/6.3.0/../../../libmsvcrt.a(djpvbs00753.o)
 .idata$4       0x004130f8        0x4 c:/mingw/bin/../lib/gcc/mingw32/6.3.0/../../../libmsvcrt.a(djpvbs01083.o)
 .idata$4       0x004130fc        0x4 c:/mingw/bin/../lib/gcc/mingw32/6.3.0/../../../libmsvcrt.a(djpvbs01091.o)
 .idata$4       0x00413100        0x4 c:/mingw/bin/../lib/gcc/mingw32/6.3.0/../../../libmsvcrt.a(djpvbs01093.o)
 .idata$4       0x00413104        0x4 c:/mingw/bin/../lib/gcc/mingw32/6.3.0/../../../libmsvcrt.a(djpvbs01098.o)
 .idata$4       0x00413108        0x4 c:/mingw/bin/../lib/gcc/mingw32/6.3.0/../../../libmsvcrt.a(djpvbs01111.o)
 .idata$4       0x0041310c        0x4 c:/mingw/bin/../lib/gcc/mingw32/6.3.0/../../../libmsvcrt.a(djpvbs01114.o)
 .idata$4       0x00413110        0x4 c:/mingw/bin/../lib/gcc/mingw32/6.3.0/../../../libmsvcrt.a(djpvbs01117.o)
 .idata$4       0x00413114        0x4 c:/mingw/bin/../lib/gcc/mingw32/6.3.0/../../../libmsvcrt.a(djpvbs01122.o)
 .idata$4       0x00413118        0x4 c:/mingw/bin/../lib/gcc/mingw32/6.3.0/../../../libmsvcrt.a(djpvbs01126.o)
 .idata$4       0x0041311c        0x4 c:/mingw/bin/../lib/gcc/mingw32/6.3.0/../../../libmsvcrt.a(djpvbs01130.o)
 .idata$4       0x00413120        0x4 c:/mingw/bin/../lib/gcc/mingw32/6.3.0/../../../libmsvcrt.a(djpvbs01131.o)
 .idata$4       0x00413124        0x4 c:/mingw/bin/../lib/gcc/mingw32/6.3.0/../../../libmsvcrt.a(djpvbs01142.o)
 .idata$4       0x00413128        0x4 c:/mingw/bin/../lib/gcc/mingw32/6.3.0/../../../libmsvcrt.a(djpvbs01147.o)
 .idata$4       0x0041312c        0x4 c:/mingw/bin/../lib/gcc/mingw32/6.3.0/../../../libmsvcrt.a(djpvbs01161.o)
 .idata$4       0x00413130        0x4 c:/mingw/bin/../lib/gcc/mingw32/6.3.0/../../../libmsvcrt.a(djpvbs01182.o)
 .idata$4       0x00413134        0x4 c:/mingw/bin/../lib/gcc/mingw32/6.3.0/../../../libmsvcrt.a(djpvbs01187.o)
 .idata$4       0x00413138        0x4 c:/mingw/bin/../lib/gcc/mingw32/6.3.0/../../../libmsvcrt.a(djpvbs01194.o)
 .idata$4       0x0041313c        0x4 c:/mingw/bin/../lib/gcc/mingw32/6.3.0/../../../libmsvcrt.a(djpvbs01198.o)
 .idata$4       0x00413140        0x4 c:/mingw/bin/../lib/gcc/mingw32/6.3.0/../../../libmsvcrt.a(djpvbs01199.o)
 .idata$4       0x00413144        0x4 c:/mingw/bin/../lib/gcc/mingw32/6.3.0/../../../libmsvcrt.a(djpvbs01203.o)
 .idata$4       0x00413148        0x4 c:/mingw/bin/../lib/gcc/mingw32/6.3.0/../../../libmsvcrt.a(djpvbs01218.o)
 .idata$4       0x0041314c        0x4 c:/mingw/bin/../lib/gcc/mingw32/6.3.0/../../../libmsvcrt.a(djpvbs01220.o)
 .idata$4       0x00413150        0x4 c:/mingw/bin/../lib/gcc/mingw32/6.3.0/../../../libmsvcrt.a(djpvbs01227.o)
 .idata$4       0x00413154        0x4 c:/mingw/bin/../lib/gcc/mingw32/6.3.0/../../../libmsvcrt.a(djpvbs01229.o)
 .idata$4       0x00413158        0x4 c:/mingw/bin/../lib/gcc/mingw32/6.3.0/../../../libmsvcrt.a(djpvbs01235.o)
 .idata$4       0x0041315c        0x4 c:/mingw/bin/../lib/gcc/mingw32/6.3.0/../../../libmsvcrt.a(djpvbs01240.o)
 .idata$4       0x00413160        0x4 c:/mingw/bin/../lib/gcc/mingw32/6.3.0/../../../libmsvcrt.a(djpvbs01242.o)
 .idata$4       0x00413164        0x4 c:/mingw/bin/../lib/gcc/mingw32/6.3.0/../../../libmsvcrt.a(djpvbs01249.o)
 .idata$4       0x00413168        0x4 c:/mingw/bin/../lib/gcc/mingw32/6.3.0/../../../libmsvcrt.a(djpvbs01263.o)
 .idata$4       0x0041316c        0x4 c:/mingw/bin/../lib/gcc/mingw32/6.3.0/../../../libmsvcrt.a(djpvbs01272.o)
 .idata$4       0x00413170        0x4 c:/mingw/bin/../lib/gcc/mingw32/6.3.0/../../../libmsvcrt.a(djpvbs01277.o)
 .idata$4       0x00413174        0x4 c:/mingw/bin/../lib/gcc/mingw32/6.3.0/../../../libmsvcrt.a(djpvbs01284.o)
 .idata$4       0x00413178        0x4 c:/mingw/bin/../lib/gcc/mingw32/6.3.0/../../../libmsvcrt.a(djpvbs01308.o)
 .idata$4       0x0041317c        0x4 c:/mingw/bin/../lib/gcc/mingw32/6.3.0/../../../libmsvcrt.a(djpvbs01325.o)
 .idata$4       0x00413180        0x4 c:/mingw/bin/../lib/gcc/mingw32/6.3.0/../../../libmsvcrt.a(djpvbt.o)
                0x00413184                __IAT_start__ = .
 SORT(*)(.idata$5)
 .idata$5       0x00413184        0x0 c:/mingw/bin/../lib/gcc/mingw32/6.3.0/../../../libkernel32.a(dujch.o)
 .idata$5       0x00413184        0x4 c:/mingw/bin/../lib/gcc/mingw32/6.3.0/../../../libkernel32.a(dujcs00207.o)
                0x00413184                _imp__DeleteCriticalSection@4
 .idata$5       0x00413188        0x4 c:/mingw/bin/../lib/gcc/mingw32/6.3.0/../../../libkernel32.a(dujcs00236.o)
                0x00413188                _imp__EnterCriticalSection@4
 .idata$5       0x0041318c        0x4 c:/mingw/bin/../lib/gcc/mingw32/6.3.0/../../../libkernel32.a(dujcs00279.o)
                0x0041318c                _imp__ExitProcess@4
 .idata$5       0x00413190        0x4 c:/mingw/bin/../lib/gcc/mingw32/6.3.0/../../../libkernel32.a(dujcs00300.o)
                0x00413190                _imp__FindClose@4
 .idata$5       0x00413194        0x4 c:/mingw/bin/../lib/gcc/mingw32/6.3.0/../../../libkernel32.a(dujcs00304.o)
                0x00413194                _imp__FindFirstFileA@8
 .idata$5       0x00413198        0x4 c:/mingw/bin/../lib/gcc/mingw32/6.3.0/../../../libkernel32.a(dujcs00321.o)
                0x00413198                _imp__FindNextFileA@8
 .idata$5       0x0041319c        0x4 c:/mingw/bin/../lib/gcc/mingw32/6.3.0/../../../libkernel32.a(dujcs00352.o)
                0x0041319c                _imp__FreeLibrary@4
 .idata$5       0x004131a0        0x4 c:/mingw/bin/../lib/gcc/mingw32/6.3.0/../../../libkernel32.a(dujcs00388.o)
                0x004131a0                _imp__GetCommandLineA@0
 .idata$5       0x004131a4        0x4 c:/mingw/bin/../lib/gcc/mingw32/6.3.0/../../../libkernel32.a(dujcs00510.o)
                0x004131a4                _imp__GetLastError@0
 .idata$5       0x004131a8        0x4 c:/mingw/bin/../lib/gcc/mingw32/6.3.0/../../../libkernel32.a(dujcs00529.o)
                0x004131a8                _imp__GetModuleHandleA@4
 .idata$5       0x004131ac        0x4 c:/mingw/bin/../lib/gcc/mingw32/6.3.0/../../../libkernel32.a(dujcs00577.o)
                0x004131ac                _imp__GetProcAddress@8
 .idata$5       0x004131b0        0x4 c:/mingw/bin/../lib/gcc/mingw32/6.3.0/../../../libkernel32.a(dujcs00734.o)
                0x004131b0                _imp__InitializeCriticalSection@4
 .idata$5       0x004131b4        0x4 c:/mingw/bin/../lib/gcc/mingw32/6.3.0/../../../libkernel32.a(dujcs00744.o)
                0x004131b4                _imp__InterlockedExchange@8
 .idata$5       0x004131b8        0x4 c:/mingw/bin/../lib/gcc/mingw32/6.3.0/../../../libkernel32.a(dujcs00763.o)
                0x004131b8                _imp__IsDBCSLeadByteEx@8
 .idata$5       0x004131bc        0x4 c:/mingw/bin/../lib/gcc/mingw32/6.3.0/../../../libkernel32.a(dujcs00814.o)
                0x004131bc                _imp__LeaveCriticalSection@4
 .idata$5       0x004131c0        0x4 c:/mingw/bin/../lib/gcc/mingw32/6.3.0/../../../libkernel32.a(dujcs00817.o)
                0x004131c0                _imp__LoadLibraryA@4
 .idata$5       0x004131c4        0x4 c:/mingw/bin/../lib/gcc/mingw32/6.3.0/../../../libkernel32.a(dujcs00860.o)
                0x004131c4                _imp__MultiByteToWideChar@24
 .idata$5       0x004131c8        0x4 c:/mingw/bin/../lib/gcc/mingw32/6.3.0/../../../libkernel32.a(dujcs01140.o)
                0x004131c8                _imp__SetUnhandledExceptionFilter@4
 .idata$5       0x004131cc        0x4 c:/mingw/bin/../lib/gcc/mingw32/6.3.0/../../../libkernel32.a(dujcs01152.o)
                0x004131cc                _imp__Sleep@4
 .idata$5       0x004131d0        0x4 c:/mingw/bin/../lib/gcc/mingw32/6.3.0/../../../libkernel32.a(dujcs01173.o)
                0x004131d0                _imp__TlsGetValue@4
 .idata$5       0x004131d4        0x4 c:/mingw/bin/../lib/gcc/mingw32/6.3.0/../../../libkernel32.a(dujcs01213.o)
                0x004131d4                _imp__VirtualProtect@16
 .idata$5       0x004131d8        0x4 c:/mingw/bin/../lib/gcc/mingw32/6.3.0/../../../libkernel32.a(dujcs01215.o)
                0x004131d8                _imp__VirtualQuery@12
 .idata$5       0x004131dc        0x4 c:/mingw/bin/../lib/gcc/mingw32/6.3.0/../../../libkernel32.a(dujcs01247.o)
                0x004131dc                _imp__WideCharToMultiByte@32
 .idata$5       0x004131e0        0x4 c:/mingw/bin/../lib/gcc/mingw32/6.3.0/../../../libkernel32.a(dujct.o)
 .idata$5       0x004131e4        0x0 c:/mingw/bin/../lib/gcc/mingw32/6.3.0/../../../libmoldname.a(dagwbh.o)
 .idata$5       0x004131e4        0x4 c:/mingw/bin/../lib/gcc/mingw32/6.3.0/../../../libmoldname.a(dagwbs00080.o)
                0x004131e4                _imp__strdup
 .idata$5       0x004131e8        0x4 c:/mingw/bin/../lib/gcc/mingw32/6.3.0/../../../libmoldname.a(dagwbs00082.o)
                0x004131e8                _imp__stricoll
 .idata$5       0x004131ec        0x4 c:/mingw/bin/../lib/gcc/mingw32/6.3.0/../../../libmoldname.a(dagwbt.o)
 .idata$5       0x004131f0        0x0 c:/mingw/bin/../lib/gcc/mingw32/6.3.0/../../../libmsvcrt.a(djpvbh.o)
 .idata$5       0x004131f0        0x4 c:/mingw/bin/../lib/gcc/mingw32/6.3.0/../../../libmsvcrt.a(djpvbs00088.o)
                0x004131f0                _imp____getmainargs
 .idata$5       0x004131f4        0x4 c:/mingw/bin/../lib/gcc/mingw32/6.3.0/../../../libmsvcrt.a(djpvbs00119.o)
                0x004131f4                _imp____mb_cur_max
 .idata$5       0x004131f8        0x4 c:/mingw/bin/../lib/gcc/mingw32/6.3.0/../../../libmsvcrt.a(djpvbs00131.o)
                0x004131f8                _imp____p__environ
 .idata$5       0x004131fc        0x4 c:/mingw/bin/../lib/gcc/mingw32/6.3.0/../../../libmsvcrt.a(djpvbs00133.o)
                0x004131fc                _imp____p__fmode
 .idata$5       0x00413200        0x4 c:/mingw/bin/../lib/gcc/mingw32/6.3.0/../../../libmsvcrt.a(djpvbs00153.o)
                0x00413200                _imp____set_app_type
 .idata$5       0x00413204        0x4 c:/mingw/bin/../lib/gcc/mingw32/6.3.0/../../../libmsvcrt.a(djpvbs00219.o)
                0x00413204                _imp___cexit
 .idata$5       0x00413208        0x4 c:/mingw/bin/../lib/gcc/mingw32/6.3.0/../../../libmsvcrt.a(djpvbs00285.o)
                0x00413208                _imp___errno
 .idata$5       0x0041320c        0x4 c:/mingw/bin/../lib/gcc/mingw32/6.3.0/../../../libmsvcrt.a(djpvbs00319.o)
                0x0041320c                _imp___flsbuf
 .idata$5       0x00413210        0x4 c:/mingw/bin/../lib/gcc/mingw32/6.3.0/../../../libmsvcrt.a(djpvbs00324.o)
                0x00413210                _imp___fpreset
 .idata$5       0x00413214        0x4 c:/mingw/bin/../lib/gcc/mingw32/6.3.0/../../../libmsvcrt.a(djpvbs00350.o)
                0x00413214                _imp___fullpath
 .idata$5       0x00413218        0x4 c:/mingw/bin/../lib/gcc/mingw32/6.3.0/../../../libmsvcrt.a(djpvbs00417.o)
                0x00413218                _imp___iob
 .idata$5       0x0041321c        0x4 c:/mingw/bin/../lib/gcc/mingw32/6.3.0/../../../libmsvcrt.a(djpvbs00422.o)
                0x0041321c                _imp___isctype
 .idata$5       0x00413220        0x4 c:/mingw/bin/../lib/gcc/mingw32/6.3.0/../../../libmsvcrt.a(djpvbs00689.o)
                0x00413220                _imp___onexit
 .idata$5       0x00413224        0x4 c:/mingw/bin/../lib/gcc/mingw32/6.3.0/../../../libmsvcrt.a(djpvbs00698.o)
                0x00413224                _imp___pctype
 .idata$5       0x00413228        0x4 c:/mingw/bin/../lib/gcc/mingw32/6.3.0/../../../libmsvcrt.a(djpvbs00753.o)
                0x00413228                _imp___setmode
 .idata$5       0x0041322c        0x4 c:/mingw/bin/../lib/gcc/mingw32/6.3.0/../../../libmsvcrt.a(djpvbs01083.o)
                0x0041322c                _imp__abort
 .idata$5       0x00413230        0x4 c:/mingw/bin/../lib/gcc/mingw32/6.3.0/../../../libmsvcrt.a(djpvbs01091.o)
                0x00413230                _imp__atexit
 .idata$5       0x00413234        0x4 c:/mingw/bin/../lib/gcc/mingw32/6.3.0/../../../libmsvcrt.a(djpvbs01093.o)
                0x00413234                _imp__atoi
 .idata$5       0x00413238        0x4 c:/mingw/bin/../lib/gcc/mingw32/6.3.0/../../../libmsvcrt.a(djpvbs01098.o)
                0x00413238                _imp__calloc
 .idata$5       0x0041323c        0x4 c:/mingw/bin/../lib/gcc/mingw32/6.3.0/../../../libmsvcrt.a(djpvbs01111.o)
                0x0041323c                _imp__fclose
 .idata$5       0x00413240        0x4 c:/mingw/bin/../lib/gcc/mingw32/6.3.0/../../../libmsvcrt.a(djpvbs01114.o)
                0x00413240                _imp__fflush
 .idata$5       0x00413244        0x4 c:/mingw/bin/../lib/gcc/mingw32/6.3.0/../../../libmsvcrt.a(djpvbs01117.o)
                0x00413244                _imp__fgets
 .idata$5       0x00413248        0x4 c:/mingw/bin/../lib/gcc/mingw32/6.3.0/../../../libmsvcrt.a(djpvbs01122.o)
                0x00413248                _imp__fopen
 .idata$5       0x0041324c        0x4 c:/mingw/bin/../lib/gcc/mingw32/6.3.0/../../../libmsvcrt.a(djpvbs01126.o)
                0x0041324c                _imp__fputc
 .idata$5       0x00413250        0x4 c:/mingw/bin/../lib/gcc/mingw32/6.3.0/../../../libmsvcrt.a(djpvbs01130.o)
                0x00413250                _imp__fread
 .idata$5       0x00413254        0x4 c:/mingw/bin/../lib/gcc/mingw32/6.3.0/../../../libmsvcrt.a(djpvbs01131.o)
                0x00413254                _imp__free
 .idata$5       0x00413258        0x4 c:/mingw/bin/../lib/gcc/mingw32/6.3.0/../../../libmsvcrt.a(djpvbs01142.o)
                0x00413258                _imp__fwrite
 .idata$5       0x0041325c        0x4 c:/mingw/bin/../lib/gcc/mingw32/6.3.0/../../../libmsvcrt.a(djpvbs01147.o)
                0x0041325c                _imp__getenv
 .idata$5       0x00413260        0x4 c:/mingw/bin/../lib/gcc/mingw32/6.3.0/../../../libmsvcrt.a(djpvbs01161.o)
                0x00413260                _imp__isprint
 .idata$5       0x00413264        0x4 c:/mingw/bin/../lib/gcc/mingw32/6.3.0/../../../libmsvcrt.a(djpvbs01182.o)
                0x00413264                _imp__localeconv
 .idata$5       0x00413268        0x4 c:/mingw/bin/../lib/gcc/mingw32/6.3.0/../../../libmsvcrt.a(djpvbs01187.o)
                0x00413268                _imp__malloc
 .idata$5       0x0041326c        0x4 c:/mingw/bin/../lib/gcc/mingw32/6.3.0/../../../libmsvcrt.a(djpvbs01194.o)
                0x0041326c                _imp__mbstowcs
 .idata$5       0x00413270        0x4 c:/mingw/bin/../lib/gcc/mingw32/6.3.0/../../../libmsvcrt.a(djpvbs01198.o)
                0x00413270                _imp__memcmp
 .idata$5       0x00413274        0x4 c:/mingw/bin/../lib/gcc/mingw32/6.3.0/../../../libmsvcrt.a(djpvbs01199.o)
                0x00413274                _imp__memcpy
 .idata$5       0x00413278        0x4 c:/mingw/bin/../lib/gcc/mingw32/6.3.0/../../../libmsvcrt.a(djpvbs01203.o)
                0x00413278                _imp__memset
 .idata$5       0x0041327c        0x4 c:/mingw/bin/../lib/gcc/mingw32/6.3.0/../../../libmsvcrt.a(djpvbs01218.o)
                0x0041327c                _imp__rand
 .idata$5       0x00413280        0x4 c:/mingw/bin/../lib/gcc/mingw32/6.3.0/../../../libmsvcrt.a(djpvbs01220.o)
                0x00413280                _imp__realloc
 .idata$5       0x00413284        0x4 c:/mingw/bin/../lib/gcc/mingw32/6.3.0/../../../libmsvcrt.a(djpvbs01227.o)
                0x00413284                _imp__setlocale
 .idata$5       0x00413288        0x4 c:/mingw/bin/../lib/gcc/mingw32/6.3.0/../../../libmsvcrt.a(djpvbs01229.o)
                0x00413288                _imp__signal
 .idata$5       0x0041328c        0x4 c:/mingw/bin/../lib/gcc/mingw32/6.3.0/../../../libmsvcrt.a(djpvbs01235.o)
                0x0041328c                _imp__srand
 .idata$5       0x00413290        0x4 c:/mingw/bin/../lib/gcc/mingw32/6.3.0/../../../libmsvcrt.a(djpvbs01240.o)
                0x00413290                _imp__strchr
 .idata$5       0x00413294        0x4 c:/mingw/bin/../lib/gcc/mingw32/6.3.0/../../../libmsvcrt.a(djpvbs01242.o)
                0x00413294                _imp__strcoll
 .idata$5       0x00413298        0x4 c:/mingw/bin/../lib/gcc/mingw32/6.3.0/../../../libmsvcrt.a(djpvbs01249.o)
                0x00413298                _imp__strlen
 .idata$5       0x0041329c        0x4 c:/mingw/bin/../lib/gcc/mingw32/6.3.0/../../../libmsvcrt.a(djpvbs01263.o)
                0x0041329c                _imp__strtoul
 .idata$5       0x004132a0        0x4 c:/mingw/bin/../lib/gcc/mingw32/6.3.0/../../../libmsvcrt.a(djpvbs01272.o)
                0x004132a0                _imp__time
 .idata$5       0x004132a4        0x4 c:/mingw/bin/../lib/gcc/mingw32/6.3.0/../../../libmsvcrt.a(djpvbs01277.o)
                0x004132a4                _imp__tolower
 .idata$5       0x004132a8        0x4 c:/mingw/bin/../lib/gcc/mingw32/6.3.0/../../../libmsvcrt.a(djpvbs01284.o)
                0x004132a8                _imp__vfprintf
 .idata$5       0x004132ac        0x4 c:/mingw/bin/../lib/gcc/mingw32/6.3.0/../../../libmsvcrt.a(djpvbs01308.o)
                0x004132ac                _imp__wcslen
 .idata$5       0x004132b0        0x4 c:/mingw/bin/../lib/gcc/mingw32/6.3.0/../../../libmsvcrt.a(djpvbs01325.o)
                0x004132b0                _imp__wcstombs
 .idata$5       0x004132b4        0x4 c:/mingw/bin/../lib/gcc/mingw32/6.3.0/../../../libmsvcrt.a(djpvbt.o)
                0x004132b8                __IAT_end__ = .
 SORT(*)(.idata$6)
 .idata$6       0x004132b8       0x18 c:/mingw/bin/../lib/gcc/mingw32/6.3.0/../../../libkernel32.a(dujcs00207.o)
 .idata$6       0x004132d0       0x18 c:/mingw/bin/../lib/gcc/mingw32/6.3.0/../../../libkernel32.a(dujcs00236.o)
 .idata$6       0x004132e8        0xe c:/mingw/bin/../lib/gcc/mingw32/6.3.0/../../../libkernel32.a(dujcs00279.o)
 .idata$6       0x004132f6        0xc c:/mingw/bin/../lib/gcc/mingw32/6.3.0/../../../libkernel32.a(dujcs00300.o)
 .idata$6       0x00413302       0x12 c:/mingw/bin/../lib/gcc/mingw32/6.3.0/../../../libkernel32.a(dujcs00304.o)
 .idata$6       0x00413314       0x10 c:/mingw/bin/../lib/gcc/mingw32/6.3.0/../../../libkernel32.a(dujcs00321.o)
 .idata$6       0x00413324        0xe c:/mingw/bin/../lib/gcc/mingw32/6.3.0/../../../libkernel32.a(dujcs00352.o)
 .idata$6       0x00413332       0x12 c:/mingw/bin/../lib/gcc/mingw32/6.3.0/../../../libkernel32.a(dujcs00388.o)
 .idata$6       0x00413344       0x10 c:/mingw/bin/../lib/gcc/mingw32/6.3.0/../../../libkernel32.a(dujcs00510.o)
 .idata$6       0x00413354       0x14 c:/mingw/bin/../lib/gcc/mingw32/6.3.0/../../../libkernel32.a(dujcs00529.o)
 .idata$6       0x00413368       0x12 c:/mingw/bin/../lib/gcc/mingw32/6.3.0/../../../libkernel32.a(dujcs00577.o)
 .idata$6       0x0041337a       0x1c c:/mingw/bin/../lib/gcc/mingw32/6.3.0/../../../libkernel32.a(dujcs00734.o)
 .idata$6       0x00413396       0x16 c:/mingw/bin/../lib/gcc/mingw32/6.3.0/../../../libkernel32.a(dujcs00744.o)
 .idata$6       0x004133ac       0x14 c:/mingw/bin/../lib/gcc/mingw32/6.3.0/../../../libkernel32.a(dujcs00763.o)
 .idata$6       0x004133c0       0x18 c:/mingw/bin/../lib/gcc/mingw32/6.3.0/../../../libkernel32.a(dujcs00814.o)
 .idata$6       0x004133d8       0x10 c:/mingw/bin/../lib/gcc/mingw32/6.3.0/../../../libkernel32.a(dujcs00817.o)
 .idata$6       0x004133e8       0x16 c:/mingw/bin/../lib/gcc/mingw32/6.3.0/../../../libkernel32.a(dujcs00860.o)
 .idata$6       0x004133fe       0x1e c:/mingw/bin/../lib/gcc/mingw32/6.3.0/../../../libkernel32.a(dujcs01140.o)
 .idata$6       0x0041341c        0x8 c:/mingw/bin/../lib/gcc/mingw32/6.3.0/../../../libkernel32.a(dujcs01152.o)
 .idata$6       0x00413424        0xe c:/mingw/bin/../lib/gcc/mingw32/6.3.0/../../../libkernel32.a(dujcs01173.o)
 .idata$6       0x00413432       0x12 c:/mingw/bin/../lib/gcc/mingw32/6.3.0/../../../libkernel32.a(dujcs01213.o)
 .idata$6       0x00413444       0x10 c:/mingw/bin/../lib/gcc/mingw32/6.3.0/../../../libkernel32.a(dujcs01215.o)
 .idata$6       0x00413454       0x16 c:/mingw/bin/../lib/gcc/mingw32/6.3.0/../../../libkernel32.a(dujcs01247.o)
 .idata$6       0x0041346a        0xa c:/mingw/bin/../lib/gcc/mingw32/6.3.0/../../../libmoldname.a(dagwbs00080.o)
 .idata$6       0x00413474        0xc c:/mingw/bin/../lib/gcc/mingw32/6.3.0/../../../libmoldname.a(dagwbs00082.o)
 .idata$6       0x00413480       0x10 c:/mingw/bin/../lib/gcc/mingw32/6.3.0/../../../libmsvcrt.a(djpvbs00088.o)
 .idata$6       0x00413490       0x10 c:/mingw/bin/../lib/gcc/mingw32/6.3.0/../../../libmsvcrt.a(djpvbs00119.o)
 .idata$6       0x004134a0       0x10 c:/mingw/bin/../lib/gcc/mingw32/6.3.0/../../../libmsvcrt.a(djpvbs00131.o)
 .idata$6       0x004134b0        0xe c:/mingw/bin/../lib/gcc/mingw32/6.3.0/../../../libmsvcrt.a(djpvbs00133.o)
 .idata$6       0x004134be       0x12 c:/mingw/bin/../lib/gcc/mingw32/6.3.0/../../../libmsvcrt.a(djpvbs00153.o)
 .idata$6       0x004134d0        0xa c:/mingw/bin/../lib/gcc/mingw32/6.3.0/../../../libmsvcrt.a(djpvbs00219.o)
 .idata$6       0x004134da        0xa c:/mingw/bin/../lib/gcc/mingw32/6.3.0/../../../libmsvcrt.a(djpvbs00285.o)
 .idata$6       0x004134e4        0xa c:/mingw/bin/../lib/gcc/mingw32/6.3.0/../../../libmsvcrt.a(djpvbs00319.o)
 .idata$6       0x004134ee        0xc c:/mingw/bin/../lib/gcc/mingw32/6.3.0/../../../libmsvcrt.a(djpvbs00324.o)
 .idata$6       0x004134fa        0xc c:/mingw/bin/../lib/gcc/mingw32/6.3.0/../../../libmsvcrt.a(djpvbs00350.o)
 .idata$6       0x00413506        0x8 c:/mingw/bin/../lib/gcc/mingw32/6.3.0/../../../libmsvcrt.a(djpvbs00417.o)
 .idata$6       0x0041350e        0xc c:/mingw/bin/../lib/gcc/mingw32/6.3.0/../../../libmsvcrt.a(djpvbs00422.o)
 .idata$6       0x0041351a        0xa c:/mingw/bin/../lib/gcc/mingw32/6.3.0/../../../libmsvcrt.a(djpvbs00689.o)
 .idata$6       0x00413524        0xa c:/mingw/bin/../lib/gcc/mingw32/6.3.0/../../../libmsvcrt.a(djpvbs00698.o)
 .idata$6       0x0041352e        0xc c:/mingw/bin/../lib/gcc/mingw32/6.3.0/../../../libmsvcrt.a(djpvbs00753.o)
 .idata$6       0x0041353a        0x8 c:/mingw/bin/../lib/gcc/mingw32/6.3.0/../../../libmsvcrt.a(djpvbs01083.o)
 .idata$6       0x00413542        0xa c:/mingw/bin/../lib/gcc/mingw32/6.3.0/../../../libmsvcrt.a(djpvbs01091.o)
 .idata$6       0x0041354c        0x8 c:/mingw/bin/../lib/gcc/mingw32/6.3.0/../../../libmsvcrt.a(djpvbs01093.o)
 .idata$6       0x00413554        0xa c:/mingw/bin/../lib/gcc/mingw32/6.3.0/../../../libmsvcrt.a(djpvbs01098.o)
 .idata$6       0x0041355e        0xa c:/mingw/bin/../lib/gcc/mingw32/6.3.0/../../../libmsvcrt.a(djpvbs01111.o)
 .idata$6       0x00413568        0xa c:/mingw/bin/../lib/gcc/mingw32/6.3.0/../../../libmsvcrt.a(djpvbs01114.o)
 .idata$6       0x00413572        0x8 c:/mingw/bin/../lib/gcc/mingw32/6.3.0/../../../libmsvcrt.a(djpvbs01117.o)
 .idata$6       0x0041357a        0x8 c:/mingw/bin/../lib/gcc/mingw32/6.3.0/../../../libmsvcrt.a(djpvbs01122.o)
 .idata$6       0x00413582        0x8 c:/mingw/bin/../lib/gcc/mingw32/6.3.0/../../../libmsvcrt.a(djpvbs01126.o)
 .idata$6       0x0041358a        0x8 c:/mingw/bin/../lib/gcc/mingw32/6.3.0/../../../libmsvcrt.a(djpvbs01130.o)
 .idata$6       0x00413592        0x8 c:/mingw/bin/../lib/gcc/mingw32/6.3.0/../../../libmsvcrt.a(djpvbs01131.o)
 .idata$6       0x0041359a        0xa c:/mingw/bin/../lib/gcc/mingw32/6.3.0/../../../libmsvcrt.a(djpvbs01142.o)
 .idata$6       0x004135a4        0xa c:/mingw/bin/../lib/gcc/mingw32/6.3.0/../../../libmsvcrt.a(djpvbs01147.o)
 .idata$6       0x004135ae        0xa c:/mingw/bin/../lib/gcc/mingw32/6.3.0/../../../libmsvcrt.a(djpvbs01161.o)
 .idata$6       0x004135b8        0xe c:/mingw/bin/../lib/gcc/mingw32/6.3.0/../../../libmsvcrt.a(djpvbs01182.o)
 .idata$6       0x004135c6        0xa c:/mingw/bin/../lib/gcc/mingw32/6.3.0/../../../libmsvcrt.a(djpvbs01187.o)
 .idata$6       0x004135d0        0xc c:/mingw/bin/../lib/gcc/mingw32/6.3.0/../../../libmsvcrt.a(djpvbs01194.o)
 .idata$6       0x004135dc        0xa c:/mingw/bin/../lib/gcc/mingw32/6.3.0/../../../libmsvcrt.a(djpvbs01198.o)
 .idata$6       0x004135e6        0xa c:/mingw/bin/../lib/gcc/mingw32/6.3.0/../../../libmsvcrt.a(djpvbs01199.o)
 .idata$6       0x004135f0        0xa c:/mingw/bin/../lib/gcc/mingw32/6.3.0/../../../libmsvcrt.a(djpvbs01203.o)
 .idata$6       0x004135fa        0x8 c:/mingw/bin/../lib/gcc/mingw32/6.3.0/../../../libmsvcrt.a(djpvbs01218.o)
 .idata$6       0x00413602        0xa c:/mingw/bin/../lib/gcc/mingw32/6.3.0/../../../libmsvcrt.a(djpvbs01220.o)
 .idata$6       0x0041360c        0xc c:/mingw/bin/../lib/gcc/mingw32/6.3.0/../../../libmsvcrt.a(djpvbs01227.o)
 .idata$6       0x00413618        0xa c:/mingw/bin/../lib/gcc/mingw32/6.3.0/../../../libmsvcrt.a(djpvbs01229.o)
 .idata$6       0x00413622        0x8 c:/mingw/bin/../lib/gcc/mingw32/6.3.0/../../../libmsvcrt.a(djpvbs01235.o)
 .idata$6       0x0041362a        0xa c:/mingw/bin/../lib/gcc/mingw32/6.3.0/../../../libmsvcrt.a(djpvbs01240.o)
 .idata$6       0x00413634        0xa c:/mingw/bin/../lib/gcc/mingw32/6.3.0/../../../libmsvcrt.a(djpvbs01242.o)
 .idata$6       0x0041363e        0xa c:/mingw/bin/../lib/gcc/mingw32/6.3.0/../../../libmsvcrt.a(djpvbs01249.o)
 .idata$6       0x00413648        0xa c:/mingw/bin/../lib/gcc/mingw32/6.3.0/../../../libmsvcrt.a(djpvbs01263.o)
 .idata$6       0x00413652        0x8 c:/mingw/bin/../lib/gcc/mingw32/6.3.0/../../../libmsvcrt.a(djpvbs01272.o)
 .idata$6       0x0041365a        0xa c:/mingw/bin/../lib/gcc/mingw32/6.3.0/../../../libmsvcrt.a(djpvbs01277.o)
 .idata$6       0x00413664        0xc c:/mingw/bin/../lib/gcc/mingw32/6.3.0/../../../libmsvcrt.a(djpvbs01284.o)
 .idata$6       0x00413670        0xa c:/mingw/bin/../lib/gcc/mingw32/6.3.0/../../../libmsvcrt.a(djpvbs01308.o)
 .idata$6       0x0041367a        0xc c:/mingw/bin/../lib/gcc/mingw32/6.3.0/../../../libmsvcrt.a(djpvbs01325.o)
 SORT(*)(.idata$7)
 *fill*         0x00413686        0x2 
 .idata$7       0x00413688        0x4 c:/mingw/bin/../lib/gcc/mingw32/6.3.0/../../../libkernel32.a(dujcs00207.o)
 .idata$7       0x0041368c        0x4 c:/mingw/bin/../lib/gcc/mingw32/6.3.0/../../../libkernel32.a(dujcs00236.o)
 .idata$7       0x00413690        0x4 c:/mingw/bin/../lib/gcc/mingw32/6.3.0/../../../libkernel32.a(dujcs00279.o)
 .idata$7       0x00413694        0x4 c:/mingw/bin/../lib/gcc/mingw32/6.3.0/../../../libkernel32.a(dujcs00300.o)
 .idata$7       0x00413698        0x4 c:/mingw/bin/../lib/gcc/mingw32/6.3.0/../../../libkernel32.a(dujcs00304.o)
 .idata$7       0x0041369c        0x4 c:/mingw/bin/../lib/gcc/mingw32/6.3.0/../../../libkernel32.a(dujcs00321.o)
 .idata$7       0x004136a0        0x4 c:/mingw/bin/../lib/gcc/mingw32/6.3.0/../../../libkernel32.a(dujcs00352.o)
 .idata$7       0x004136a4        0x4 c:/mingw/bin/../lib/gcc/mingw32/6.3.0/../../../libkernel32.a(dujcs00388.o)
 .idata$7       0x004136a8        0x4 c:/mingw/bin/../lib/gcc/mingw32/6.3.0/../../../libkernel32.a(dujcs00510.o)
 .idata$7       0x004136ac        0x4 c:/mingw/bin/../lib/gcc/mingw32/6.3.0/../../../libkernel32.a(dujcs00529.o)
 .idata$7       0x004136b0        0x4 c:/mingw/bin/../lib/gcc/mingw32/6.3.0/../../../libkernel32.a(dujcs00577.o)
 .idata$7       0x004136b4        0x4 c:/mingw/bin/../lib/gcc/mingw32/6.3.0/../../../libkernel32.a(dujcs00734.o)
 .idata$7       0x004136b8        0x4 c:/mingw/bin/../lib/gcc/mingw32/6.3.0/../../../libkernel32.a(dujcs00744.o)
 .idata$7       0x004136bc        0x4 c:/mingw/bin/../lib/gcc/mingw32/6.3.0/../../../libkernel32.a(dujcs00763.o)
 .idata$7       0x004136c0        0x4 c:/mingw/bin/../lib/gcc/mingw32/6.3.0/../../../libkernel32.a(dujcs00814.o)
 .idata$7       0x004136c4        0x4 c:/mingw/bin/../lib/gcc/mingw32/6.3.0/../../../libkernel32.a(dujcs00817.o)
 .idata$7       0x004136c8        0x4 c:/mingw/bin/../lib/gcc/mingw32/6.3.0/../../../libkernel32.a(dujcs00860.o)
 .idata$7       0x004136cc        0x4 c:/mingw/bin/../lib/gcc/mingw32/6.3.0/../../../libkernel32.a(dujcs01140.o)
 .idata$7       0x004136d0        0x4 c:/mingw/bin/../lib/gcc/mingw32/6.3.0/../../../libkernel32.a(dujcs01152.o)
 .idata$7       0x004136d4        0x4 c:/mingw/bin/../lib/gcc/mingw32/6.3.0/../../../libkernel32.a(dujcs01173.o)
 .idata$7       0x004136d8        0x4 c:/mingw/bin/../lib/gcc/mingw32/6.3.0/../../../libkernel32.a(dujcs01213.o)
 .idata$7       0x004136dc        0x4 c:/mingw/bin/../lib/gcc/mingw32/6.3.0/../../../libkernel32.a(dujcs01215.o)
 .idata$7       0x004136e0        0x4 c:/mingw/bin/../lib/gcc/mingw32/6.3.0/../../../libkernel32.a(dujcs01247.o)
 .idata$7       0x004136e4       0x10 c:/mingw/bin/../lib/gcc/mingw32/6.3.0/../../../libkernel32.a(dujct.o)
                0x004136e4                _libkernel32_a_iname
 .idata$7       0x004136f4        0x4 c:/mingw/bin/../lib/gcc/mingw32/6.3.0/../../../libmoldname.a(dagwbs00080.o)
 .idata$7       0x004136f8        0x4 c:/mingw/bin/../lib/gcc/mingw32/6.3.0/../../../libmoldname.a(dagwbs00082.o)
 .idata$7       0x004136fc        0xc c:/mingw/bin/../lib/gcc/mingw32/6.3.0/../../../libmoldname.a(dagwbt.o)
                0x004136fc                _libmoldname_a_iname
 .idata$7       0x00413708        0x4 c:/mingw/bin/../lib/gcc/mingw32/6.3.0/../../../libmsvcrt.a(djpvbs00088.o)
 .idata$7       0x0041370c        0x4 c:/mingw/bin/../lib/gcc/mingw32/6.3.0/../../../libmsvcrt.a(djpvbs00119.o)
 .idata$7       0x00413710        0x4 c:/mingw/bin/../lib/gcc/mingw32/6.3.0/../../../libmsvcrt.a(djpvbs00131.o)
 .idata$7       0x00413714        0x4 c:/mingw/bin/../lib/gcc/mingw32/6.3.0/../../../libmsvcrt.a(djpvbs00133.o)
 .idata$7       0x00413718        0x4 c:/mingw/bin/../lib/gcc/mingw32/6.3.0/../../../libmsvcrt.a(djpvbs00153.o)
 .idata$7       0x0041371c        0x4 c:/mingw/bin/../lib/gcc/mingw32/6.3.0/../../../libmsvcrt.a(djpvbs00219.o)
 .idata$7       0x00413720        0x4 c:/mingw/bin/../lib/gcc/mingw32/6.3.0/../../../libmsvcrt.a(djpvbs00285.o)
 .idata$7       0x00413724        0x4 c:/mingw/bin/../lib/gcc/mingw32/6.3.0/../../../libmsvcrt.a(djpvbs00319.o)
 .idata$7       0x00413728        0x4 c:/mingw/bin/../lib/gcc/mingw32/6.3.0/../../../libmsvcrt.a(djpvbs00324.o)
 .idata$7       0x0041372c        0x4 c:/mingw/bin/../lib/gcc/mingw32/6.3.0/../../../libmsvcrt.a(djpvbs00350.o)
 .idata$7       0x00413730        0x4 c:/mingw/bin/../lib/gcc/mingw32/6.3.0/../../../libmsvcrt.a(djpvbs00417.o)
 .idata$7       0x00413734        0x4 c:/mingw/bin/../lib/gcc/mingw32/6.3.0/../../../libmsvcrt.a(djpvbs00422.o)
 .idata$7       0x00413738        0x4 c:/mingw/bin/../lib/gcc/mingw32/6.3.0/../../../libmsvcrt.a(djpvbs00689.o)
 .idata$7       0x0041373c        0x4 c:/mingw/bin/../lib/gcc/mingw32/6.3.0/../../../libmsvcrt.a(djpvbs00698.o)
 .idata$7       0x00413740        0x4 c:/mingw/bin/../lib/gcc/mingw32/6.3.0/../../../libmsvcrt.a(djpvbs00753.o)
 .idata$7       0x00413744        0x4 c:/mingw/bin/../lib/gcc/mingw32/6.3.0/../../../libmsvcrt.a(djpvbs01083.o)
 .idata$7       0x00413748        0x4 c:/mingw/bin/../lib/gcc/mingw32/6.3.0/../../../libmsvcrt.a(djpvbs01091.o)
 .idata$7       0x0041374c        0x4 c:/mingw/bin/../lib/gcc/mingw32/6.3.0/../../../libmsvcrt.a(djpvbs01093.o)
 .idata$7       0x00413750        0x4 c:/mingw/bin/../lib/gcc/mingw32/6.3.0/../../../libmsvcrt.a(djpvbs01098.o)
 .idata$7       0x00413754        0x4 c:/mingw/bin/../lib/gcc/mingw32/6.3.0/../../../libmsvcrt.a(djpvbs01111.o)
 .idata$7       0x00413758        0x4 c:/mingw/bin/../lib/gcc/mingw32/6.3.0/../../../libmsvcrt.a(djpvbs01114.o)
 .idata$7       0x0041375c        0x4 c:/mingw/bin/../lib/gcc/mingw32/6.3.0/../../../libmsvcrt.a(djpvbs01117.o)
 .idata$7       0x00413760        0x4 c:/mingw/bin/../lib/gcc/mingw32/6.3.0/../../../libmsvcrt.a(djpvbs01122.o)
 .idata$7       0x00413764        0x4 c:/mingw/bin/../lib/gcc/mingw32/6.3.0/../../../libmsvcrt.a(djpvbs01126.o)
 .idata$7       0x00413768        0x4 c:/mingw/bin/../lib/gcc/mingw32/6.3.0/../../../libmsvcrt.a(djpvbs01130.o)
 .idata$7       0x0041376c        0x4 c:/mingw/bin/../lib/gcc/mingw32/6.3.0/../../../libmsvcrt.a(djpvbs01131.o)
 .idata$7       0x00413770        0x4 c:/mingw/bin/../lib/gcc/mingw32/6.3.0/../../../libmsvcrt.a(djpvbs01142.o)
 .idata$7       0x00413774        0x4 c:/mingw/bin/../lib/gcc/mingw32/6.3.0/../../../libmsvcrt.a(djpvbs01147.o)
 .idata$7       0x00413778        0x4 c:/mingw/bin/../lib/gcc/mingw32/6.3.0/../../../libmsvcrt.a(djpvbs01161.o)
 .idata$7       0x0041377c        0x4 c:/mingw/bin/../lib/gcc/mingw32/6.3.0/../../../libmsvcrt.a(djpvbs01182.o)
 .idata$7       0x00413780        0x4 c:/mingw/bin/../lib/gcc/mingw32/6.3.0/../../../libmsvcrt.a(djpvbs01187.o)
 .idata$7       0x00413784        0x4 c:/mingw/bin/../lib/gcc/mingw32/6.3.0/../../../libmsvcrt.a(djpvbs01194.o)
 .idata$7       0x00413788        0x4 c:/mingw/bin/../lib/gcc/mingw32/6.3.0/../../../libmsvcrt.a(djpvbs01198.o)
 .idata$7       0x0041378c        0x4 c:/mingw/bin/../lib/gcc/mingw32/6.3.0/../../../libmsvcrt.a(djpvbs01199.o)
 .idata$7       0x00413790        0x4 c:/mingw/bin/../lib/gcc/mingw32/6.3.0/../../../libmsvcrt.a(djpvbs01203.o)
 .idata$7       0x00413794        0x4 c:/mingw/bin/../lib/gcc/mingw32/6.3.0/../../../libmsvcrt.a(djpvbs01218.o)
 .idata$7       0x00413798        0x4 c:/mingw/bin/../lib/gcc/mingw32/6.3.0/../../../libmsvcrt.a(djpvbs01220.o)
 .idata$7       0x0041379c        0x4 c:/mingw/bin/../lib/gcc/mingw32/6.3.0/../../../libmsvcrt.a(djpvbs01227.o)
 .idata$7       0x004137a0        0x4 c:/mingw/bin/../lib/gcc/mingw32/6.3.0/../../../libmsvcrt.a(djpvbs01229.o)
 .idata$7       0x004137a4        0x4 c:/mingw/bin/../lib/gcc/mingw32/6.3.0/../../../libmsvcrt.a(djpvbs01235.o)
 .idata$7       0x004137a8        0x4 c:/mingw/bin/../lib/gcc/mingw32/6.3.0/../../../libmsvcrt.a(djpvbs01240.o)
 .idata$7       0x004137ac        0x4 c:/mingw/bin/../lib/gcc/mingw32/6.3.0/../../../libmsvcrt.a(djpvbs01242.o)
 .idata$7       0x004137b0        0x4 c:/mingw/bin/../lib/gcc/mingw32/6.3.0/../../../libmsvcrt.a(djpvbs01249.o)
 .idata$7       0x004137b4        0x4 c:/mingw/bin/../lib/gcc/mingw32/6.3.0/../../../libmsvcrt.a(djpvbs01263.o)
 .idata$7       0x004137b8        0x4 c:/mingw/bin/../lib/gcc/mingw32/6.3.0/../../../libmsvcrt.a(djpvbs01272.o)
 .idata$7       0x004137bc        0x4 c:/mingw/bin/../lib/gcc/mingw32/6.3.0/../../../libmsvcrt.a(djpvbs01277.o)
 .idata$7       0x004137c0        0x4 c:/mingw/bin/../lib/gcc/mingw32/6.3.0/../../../libmsvcrt.a(djpvbs01284.o)
 .idata$7       0x004137c4        0x4 c:/mingw/bin/../lib/gcc/mingw32/6.3.0/../../../libmsvcrt.a(djpvbs01308.o)
 .idata$7       0x004137c8        0x4 c:/mingw/bin/../lib/gcc/mingw32/6.3.0/../../../libmsvcrt.a(djpvbs01325.o)
 .idata$7       0x004137cc        0xc c:/mingw/bin/../lib/gcc/mingw32/6.3.0/../../../libmsvcrt.a(djpvbt.o)
                0x004137cc                _libmsvcrt_a_iname

.CRT            0x00414000      0x200
                0x00414000                ___crt_xc_start__ = .
 *(SORT(.CRT$XC*))
                0x00414000                ___crt_xc_end__ = .
                0x00414000                ___crt_xi_start__ = .
 *(SORT(.CRT$XI*))
                0x00414000                ___crt_xi_end__ = .
                0x00414000                ___crt_xl_start__ = .
 *(SORT(.CRT$XL*))
 .CRT$XLA       0x00414000        0x4 c:/mingw/bin/../lib/gcc/mingw32/6.3.0/../../../libmingw32.a(tlssup.o)
                0x00414000                __xl_a
 .CRT$XLC       0x00414004        0x4 c:/mingw/bin/../lib/gcc/mingw32/6.3.0/../../../libmingw32.a(tlssup.o)
                0x00414004                __xl_c
 .CRT$XLD       0x00414008        0x4 c:/mingw/bin/../lib/gcc/mingw32/6.3.0/../../../libmingw32.a(tlssup.o)
                0x00414008                __xl_d
 .CRT$XLZ       0x0041400c        0x4 c:/mingw/bin/../lib/gcc/mingw32/6.3.0/../../../libmingw32.a(tlssup.o)
                0x0041400c                __xl_z
                0x00414010                ___crt_xp_start__ = .
 *(SORT(.CRT$XP*))
                0x00414010                ___crt_xp_end__ = .
                0x00414010                ___crt_xt_start__ = .
 *(SORT(.CRT$XT*))
                0x00414010                ___crt_xt_end__ = .
 .CRT$XDA       0x00414010        0x4 c:/mingw/bin/../lib/gcc/mingw32/6.3.0/../../../libmingw32.a(tlssup.o)
 .CRT$XDZ       0x00414014        0x4 c:/mingw/bin/../lib/gcc/mingw32/6.3.0/../../../libmingw32.a(tlssup.o)

.tls            0x00415000      0x200
                0x00415000                ___tls_start__ = .
 *(.tls$AAA)
 .tls$AAA       0x00415000        0x4 c:/mingw/bin/../lib/gcc/mingw32/6.3.0/../../../libmingw32.a(tlssup.o)
                0x00415000                _tls_start
 *(.tls)
 .tls           0x00415004       0x18 c:/mingw/bin/../lib/gcc/mingw32/6.3.0/../../../libmingw32.a(tlssup.o)
                0x00415004                _tls_used
 *(.tls$)
 *(SORT(.tls$*))
 .tls$ZZZ       0x0041501c        0x4 c:/mingw/bin/../lib/gcc/mingw32/6.3.0/../../../libmingw32.a(tlssup.o)
                0x0041501c                _tls_end
 *(.tls$ZZZ)
                0x00415020                ___tls_end__ = .

.endjunk        0x00416000        0x0
                [!provide]                PROVIDE (end, .)
                [!provide]                PROVIDE (_end, .)
                0x00416000                __end__ = .

.rsrc
 *(.rsrc)
 *(.rsrc$*)

.reloc
 *(.reloc)

.stab
 *(.stab)

.stabstr
 *(.stabstr)

.debug_aranges  0x00416000      0x400
 *(.debug_aranges)
 .debug_aranges
                0x00416000      0x130 C:\Users\home\AppData\Local\Temp\ccyN0z6I.o
 .debug_aranges
                0x00416130       0x28 C:\Users\home\AppData\Local\Temp\ccRoBqvr.o
 .debug_aranges
                0x00416158       0x48 C:\Users\home\AppData\Local\Temp\cc4Ak7pl.o
 .debug_aranges
                0x004161a0       0x28 C:\Users\home\AppData\Local\Temp\ccpPSMql.o
 .debug_aranges
                0x004161c8       0x70 C:\Users\home\AppData\Local\Temp\cchaU9mm.o
 .debug_aranges
                0x00416238       0x38 C:\Users\home\AppData\Local\Temp\ccdv4XKv.o
 .debug_aranges
                0x00416270       0x20 c:/mingw/bin/../lib/gcc/mingw32/6.3.0/libgcc.a(_chkstk_ms.o)
 .debug_aranges
                0x00416290       0x18 c:/mingw/bin/../lib/gcc/mingw32/6.3.0/libgcc.a(_ctors.o)
 .debug_aranges
                0x004162a8       0x20 c:/mingw/bin/../lib/gcc/mingw32/6.3.0/libgcc.a(_udivdi3.o)
 .debug_aranges
                0x004162c8       0x20 c:/mingw/bin/../lib/gcc/mingw32/6.3.0/libgcc.a(_umoddi3.o)

.zdebug_aranges
 *(.zdebug_aranges)

.debug_pubnames
 *(.debug_pubnames)

.zdebug_pubnames
 *(.zdebug_pubnames)

.debug_pubtypes
 *(.debug_pubtypes)

.zdebug_pubtypes
 *(.zdebug_pubtypes)

.debug_info     0x00417000     0xaa00
 *(.debug_info .gnu.linkonce.wi.*)
 .debug_info    0x00417000     0x32ff C:\Users\home\AppData\Local\Temp\ccyN0z6I.o
 .debug_info    0x0041a2ff      0x8db C:\Users\home\AppData\Local\Temp\ccRoBqvr.o
 .debug_info    0x0041abda      0xdaf C:\Users\home\AppData\Local\Temp\cc4Ak7pl.o
 .debug_info    0x0041b989      0x4f9 C:\Users\home\AppData\Local\Temp\ccpPSMql.o
 .debug_info    0x0041be82      0xcf0 C:\Users\home\AppData\Local\Temp\cchaU9mm.o
 .debug_info    0x0041cb72      0x944 C:\Users\home\AppData\Local\Temp\ccdv4XKv.o
 .debug_info    0x0041d4b6       0xa7 c:/mingw/bin/../lib/gcc/mingw32/6.3.0/libgcc.a(_chkstk_ms.o)
 .debug_info    0x0041d55d     0x1c58 c:/mingw/bin/../lib/gcc/mingw32/6.3.0/libgcc.a(_ctors.o)
 .debug_info    0x0041f1b5     0x13ca c:/mingw/bin/../lib/gcc/mingw32/6.3.0/libgcc.a(_udivdi3.o)
 .debug_info    0x0042057f     0x13d4 c:/mingw/bin/../lib/gcc/mingw32/6.3.0/libgcc.a(_umoddi3.o)

.zdebug_info
 *(.zdebug_info .zdebug.gnu.linkonce.wi.*)

.debug_abbrev   0x00422000     0x1600
 *(.debug_abbrev)
 .debug_abbrev  0x00422000      0x45b C:\Users\home\AppData\Local\Temp\ccyN0z6I.o
 .debug_abbrev  0x0042245b      0x1d1 C:\Users\home\AppData\Local\Temp\ccRoBqvr.o
 .debug_abbrev  0x0042262c      0x2f8 C:\Users\home\AppData\Local\Temp\cc4Ak7pl.o
 .debug_abbrev  0x00422924      0x19a C:\Users\home\AppData\Local\Temp\ccpPSMql.o
 .debug_abbrev  0x00422abe      0x231 C:\Users\home\AppData\Local\Temp\cchaU9mm.o
 .debug_abbrev  0x00422cef      0x26c C:\Users\home\AppData\Local\Temp\ccdv4XKv.o
 .debug_abbrev  0x00422f5b       0x14 c:/mingw/bin/../lib/gcc/mingw32/6.3.0/libgcc.a(_chkstk_ms.o)
 .debug_abbrev  0x00422f6f      0x11b c:/mingw/bin/../lib/gcc/mingw32/6.3.0/libgcc.a(_ctors.o)
 .debug_abbrev  0x0042308a      0x1d6 c:/mingw/bin/../lib/gcc/mingw32/6.3.0/libgcc.a(_udivdi3.o)
 .debug_abbrev  0x00423260      0x1e5 c:/mingw/bin/../lib/gcc/mingw32/6.3.0/libgcc.a(_umoddi3.o)

.zdebug_abbrev
 *(.zdebug_abbrev)

.debug_line     0x00424000     0x1600
 *(.debug_line)
 .debug_line    0x00424000      0x8a5 C:\Users\home\AppData\Local\Temp\ccyN0z6I.o
 .debug_line    0x004248a5      0x129 C:\Users\home\AppData\Local\Temp\ccRoBqvr.o
 .debug_line    0x004249ce      0x255 C:\Users\home\AppData\Local\Temp\cc4Ak7pl.o
 .debug_line    0x00424c23       0x93 C:\Users\home\AppData\Local\Temp\ccpPSMql.o
 .debug_line    0x00424cb6      0x192 C:\Users\home\AppData\Local\Temp\cchaU9mm.o
 .debug_line    0x00424e48      0x17a C:\Users\home\AppData\Local\Temp\ccdv4XKv.o
 .debug_line    0x00424fc2       0x71 c:/mingw/bin/../lib/gcc/mingw32/6.3.0/libgcc.a(_chkstk_ms.o)
 .debug_line    0x00425033      0x157 c:/mingw/bin/../lib/gcc/mingw32/6.3.0/libgcc.a(_ctors.o)
 .debug_line    0x0042518a      0x1ae c:/mingw/bin/../lib/gcc/mingw32/6.3.0/libgcc.a(_udivdi3.o)
 .debug_line    0x00425338      0x1bd c:/mingw/bin/../lib/gcc/mingw32/6.3.0/libgcc.a(_umoddi3.o)

.zdebug_line
 *(.zdebug_line)

.debug_frame    0x00426000      0x200
 *(.debug_frame*)
 .debug_frame   0x00426000       0x38 c:/mingw/bin/../lib/gcc/mingw32/6.3.0/libgcc.a(_chkstk_ms.o)

.zdebug_frame
 *(.zdebug_frame*)

.debug_str      0x00427000      0x200
 *(.debug_str)
 .debug_str     0x00427000       0xbd C:\Users\home\AppData\Local\Temp\ccyN0z6I.o
 .debug_str     0x004270bd       0x24 C:\Users\home\AppData\Local\Temp\ccRoBqvr.o
 .debug_str     0x004270e1       0x29 C:\Users\home\AppData\Local\Temp\cc4Ak7pl.o
 .debug_str     0x0042710a       0x11 C:\Users\home\AppData\Local\Temp\ccpPSMql.o
 .debug_str     0x0042711b       0x16 C:\Users\home\AppData\Local\Temp\cchaU9mm.o
 .debug_str     0x00427131       0x7e C:\Users\home\AppData\Local\Temp\ccdv4XKv.o
 .debug_str     0x004271af        0x0 c:/mingw/bin/../lib/gcc/mingw32/6.3.0/libgcc.a(_ctors.o)
 .debug_str     0x004271af        0x0 c:/mingw/bin/../lib/gcc/mingw32/6.3.0/libgcc.a(_udivdi3.o)
 .debug_str     0x004271af        0x0 c:/mingw/bin/../lib/gcc/mingw32/6.3.0/libgcc.a(_umoddi3.o)

.zdebug_str
 *(.zdebug_str)

.debug_loc      0x00428000     0x3a00
 *(.debug_loc)
 .debug_loc     0x00428000     0x1b0b C:\Users\home\AppData\Local\Temp\ccyN0z6I.o
 .debug_loc     0x00429b0b      0x33e C:\Users\home\AppData\Local\Temp\ccRoBqvr.o
 .debug_loc     0x00429e49      0x86c C:\Users\home\AppData\Local\Temp\cc4Ak7pl.o
 .debug_loc     0x0042a6b5       0xda C:\Users\home\AppData\Local\Temp\ccpPSMql.o
 .debug_loc     0x0042a78f      0x513 C:\Users\home\AppData\Local\Temp\cchaU9mm.o
 .debug_loc     0x0042aca2       0xfa C:\Users\home\AppData\Local\Temp\ccdv4XKv.o
 .debug_loc     0x0042ad9c      0x49d c:/mingw/bin/../lib/gcc/mingw32/6.3.0/libgcc.a(_udivdi3.o)
 .debug_loc     0x0042b239      0x6a0 c:/mingw/bin/../lib/gcc/mingw32/6.3.0/libgcc.a(_umoddi3.o)

.zdebug_loc
 *(.zdebug_loc)

.debug_macinfo
 *(.debug_macinfo)

.zdebug_macinfo
 *(.zdebug_macinfo)

.debug_weaknames
 *(.debug_weaknames)

.zdebug_weaknames
 *(.zdebug_weaknames)

.debug_funcnames
 *(.debug_funcnames)

.zdebug_funcnames
 *(.zdebug_funcnames)

.debug_typenames
 *(.debug_typenames)

.zdebug_typenames
 *(.zdebug_typenames)

.debug_varnames
 *(.debug_varnames)

.zdebug_varnames
 *(.zdebug_varnames)

.debug_macro
 *(.debug_macro)

.zdebug_macro
 *(.zdebug_macro)

.debug_ranges   0x0042c000      0xc00
 *(.debug_ranges)
 .debug_ranges  0x0042c000      0x638 C:\Users\home\AppData\Local\Temp\ccyN0z6I.o
 .debug_ranges  0x0042c638       0xc0 C:\Users\home\AppData\Local\Temp\ccRoBqvr.o
 .debug_ranges  0x0042c6f8      0x1c8 C:\Users\home\AppData\Local\Temp\cc4Ak7pl.o
 .debug_ranges  0x0042c8c0       0x18 C:\Users\home\AppData\Local\Temp\ccpPSMql.o
 .debug_ranges  0x0042c8d8       0xd8 C:\Users\home\AppData\Local\Temp\cchaU9mm.o
 .debug_ranges  0x0042c9b0       0x48 C:\Users\home\AppData\Local\Temp\ccdv4XKv.o
 .debug_ranges  0x0042c9f8       0x38 c:/mingw/bin/../lib/gcc/mingw32/6.3.0/libgcc.a(_udivdi3.o)
 .debug_ranges  0x0042ca30       0x38 c:/mingw/bin/../lib/gcc/mingw32/6.3.0/libgcc.a(_umoddi3.o)

.zdebug_ranges
 *(.zdebug_ranges)

.debug_types
 *(.debug_types .gnu.linkonce.wt.*)

.zdebug_types
 *(.zdebug_types .gnu.linkonce.wt.*)
OUTPUT(mv.exe pei-i386)
